Archive member included to satisfy reference by file (symbol)

/home/bdang/toolchains/gcc-arm-none-eabi-14.3/bin/../lib/gcc/arm-none-eabi/14.3.1/../../../../arm-none-eabi/lib/thumb/v7-m/nofp/libc_nano.a(libc_a-exit.o)
                              /home/bdang/toolchains/gcc-arm-none-eabi-14.3/bin/../lib/gcc/arm-none-eabi/14.3.1/../../../../arm-none-eabi/lib/thumb/v7-m/nofp/crt0.o (exit)
/home/bdang/toolchains/gcc-arm-none-eabi-14.3/bin/../lib/gcc/arm-none-eabi/14.3.1/../../../../arm-none-eabi/lib/thumb/v7-m/nofp/libc_nano.a(libc_a-findfp.o)
                              /home/bdang/toolchains/gcc-arm-none-eabi-14.3/bin/../lib/gcc/arm-none-eabi/14.3.1/../../../../arm-none-eabi/lib/thumb/v7-m/nofp/libc_nano.a(libc_a-exit.o) (__stdio_exit_handler)
/home/bdang/toolchains/gcc-arm-none-eabi-14.3/bin/../lib/gcc/arm-none-eabi/14.3.1/../../../../arm-none-eabi/lib/thumb/v7-m/nofp/libc_nano.a(libc_a-fwalk.o)
                              /home/bdang/toolchains/gcc-arm-none-eabi-14.3/bin/../lib/gcc/arm-none-eabi/14.3.1/../../../../arm-none-eabi/lib/thumb/v7-m/nofp/libc_nano.a(libc_a-findfp.o) (_fwalk_sglue)
/home/bdang/toolchains/gcc-arm-none-eabi-14.3/bin/../lib/gcc/arm-none-eabi/14.3.1/../../../../arm-none-eabi/lib/thumb/v7-m/nofp/libc_nano.a(libc_a-stdio.o)
                              /home/bdang/toolchains/gcc-arm-none-eabi-14.3/bin/../lib/gcc/arm-none-eabi/14.3.1/../../../../arm-none-eabi/lib/thumb/v7-m/nofp/libc_nano.a(libc_a-findfp.o) (__sread)
/home/bdang/toolchains/gcc-arm-none-eabi-14.3/bin/../lib/gcc/arm-none-eabi/14.3.1/../../../../arm-none-eabi/lib/thumb/v7-m/nofp/libc_nano.a(libc_a-vsnprintf.o)
                              z_build/b_middleware/debugger/debugger.o (vsnprintf)
/home/bdang/toolchains/gcc-arm-none-eabi-14.3/bin/../lib/gcc/arm-none-eabi/14.3.1/../../../../arm-none-eabi/lib/thumb/v7-m/nofp/libc_nano.a(libc_a-memset.o)
                              /home/bdang/toolchains/gcc-arm-none-eabi-14.3/bin/../lib/gcc/arm-none-eabi/14.3.1/../../../../arm-none-eabi/lib/thumb/v7-m/nofp/crt0.o (memset)
/home/bdang/toolchains/gcc-arm-none-eabi-14.3/bin/../lib/gcc/arm-none-eabi/14.3.1/../../../../arm-none-eabi/lib/thumb/v7-m/nofp/libc_nano.a(libc_a-strchr.o)
                              z_build/y_thirdparty/string_handler/string_handler.o (strchr)
/home/bdang/toolchains/gcc-arm-none-eabi-14.3/bin/../lib/gcc/arm-none-eabi/14.3.1/../../../../arm-none-eabi/lib/thumb/v7-m/nofp/libc_nano.a(libc_a-strstr.o)
                              z_build/b_middleware/usart_engine/usart_engine.o (strstr)
/home/bdang/toolchains/gcc-arm-none-eabi-14.3/bin/../lib/gcc/arm-none-eabi/14.3.1/../../../../arm-none-eabi/lib/thumb/v7-m/nofp/libc_nano.a(libc_a-closer.o)
                              /home/bdang/toolchains/gcc-arm-none-eabi-14.3/bin/../lib/gcc/arm-none-eabi/14.3.1/../../../../arm-none-eabi/lib/thumb/v7-m/nofp/libc_nano.a(libc_a-stdio.o) (_close_r)
/home/bdang/toolchains/gcc-arm-none-eabi-14.3/bin/../lib/gcc/arm-none-eabi/14.3.1/../../../../arm-none-eabi/lib/thumb/v7-m/nofp/libc_nano.a(libc_a-reent.o)
                              /home/bdang/toolchains/gcc-arm-none-eabi-14.3/bin/../lib/gcc/arm-none-eabi/14.3.1/../../../../arm-none-eabi/lib/thumb/v7-m/nofp/libc_nano.a(libc_a-closer.o) (errno)
/home/bdang/toolchains/gcc-arm-none-eabi-14.3/bin/../lib/gcc/arm-none-eabi/14.3.1/../../../../arm-none-eabi/lib/thumb/v7-m/nofp/libc_nano.a(libc_a-impure.o)
                              /home/bdang/toolchains/gcc-arm-none-eabi-14.3/bin/../lib/gcc/arm-none-eabi/14.3.1/../../../../arm-none-eabi/lib/thumb/v7-m/nofp/libc_nano.a(libc_a-vsnprintf.o) (_impure_ptr)
/home/bdang/toolchains/gcc-arm-none-eabi-14.3/bin/../lib/gcc/arm-none-eabi/14.3.1/../../../../arm-none-eabi/lib/thumb/v7-m/nofp/libc_nano.a(libc_a-lseekr.o)
                              /home/bdang/toolchains/gcc-arm-none-eabi-14.3/bin/../lib/gcc/arm-none-eabi/14.3.1/../../../../arm-none-eabi/lib/thumb/v7-m/nofp/libc_nano.a(libc_a-stdio.o) (_lseek_r)
/home/bdang/toolchains/gcc-arm-none-eabi-14.3/bin/../lib/gcc/arm-none-eabi/14.3.1/../../../../arm-none-eabi/lib/thumb/v7-m/nofp/libc_nano.a(libc_a-readr.o)
                              /home/bdang/toolchains/gcc-arm-none-eabi-14.3/bin/../lib/gcc/arm-none-eabi/14.3.1/../../../../arm-none-eabi/lib/thumb/v7-m/nofp/libc_nano.a(libc_a-stdio.o) (_read_r)
/home/bdang/toolchains/gcc-arm-none-eabi-14.3/bin/../lib/gcc/arm-none-eabi/14.3.1/../../../../arm-none-eabi/lib/thumb/v7-m/nofp/libc_nano.a(libc_a-writer.o)
                              /home/bdang/toolchains/gcc-arm-none-eabi-14.3/bin/../lib/gcc/arm-none-eabi/14.3.1/../../../../arm-none-eabi/lib/thumb/v7-m/nofp/libc_nano.a(libc_a-stdio.o) (_write_r)
/home/bdang/toolchains/gcc-arm-none-eabi-14.3/bin/../lib/gcc/arm-none-eabi/14.3.1/../../../../arm-none-eabi/lib/thumb/v7-m/nofp/libc_nano.a(libc_a-init.o)
                              /home/bdang/toolchains/gcc-arm-none-eabi-14.3/bin/../lib/gcc/arm-none-eabi/14.3.1/../../../../arm-none-eabi/lib/thumb/v7-m/nofp/crt0.o (__libc_init_array)
[...]
Memory Configuration

Name             Origin             Length             Attributes
FLASH            0x08004000         0x0000c000         xr
RAM              0x20000000         0x00005000         xrw
MEMORY_B1        0x60000000         0x00000000         xr
*default*        0x00000000         0xffffffff

Linker script and memory map

LOAD /home/bdang/toolchains/gcc-arm-none-eabi-14.3/bin/../lib/gcc/arm-none-eabi/14.3.1/thumb/v7-m/nofp/crti.o
LOAD /home/bdang/toolchains/gcc-arm-none-eabi-14.3/bin/../lib/gcc/arm-none-eabi/14.3.1/thumb/v7-m/nofp/crtbegin.o
LOAD /home/bdang/toolchains/gcc-arm-none-eabi-14.3/bin/../lib/gcc/arm-none-eabi/14.3.1/../../../../arm-none-eabi/lib/thumb/v7-m/nofp/crt0.o
LOAD z_build/a_application/stm32f1xx_it.o
LOAD z_build/b_middleware/debugger/debugger.o
LOAD z_build/b_middleware/ota_engine/ota_engine.o
LOAD z_build/b_middleware/processor/processor.o
LOAD z_build/b_middleware/usart_engine/usart_engine.o
LOAD z_build/b_middleware/w25q32_engine/w25q32_engine.o
LOAD z_build/b_middleware/spi_engine/spi_engine.o
LOAD z_build/c_hardware/Device/src/system_stm32f10x.o
LOAD z_build/c_hardware/Device/src/tiny_printf.o
LOAD z_build/c_hardware/Device/src/systick.o
LOAD z_build/c_hardware/Device/src/hardware.o
LOAD z_build/c_hardware/SPL/src/stm32f10x_sdio.o
LOAD z_build/c_hardware/SPL/src/stm32f10x_rcc.o
LOAD z_build/c_hardware/SPL/src/stm32f10x_bkp.o
LOAD z_build/c_hardware/SPL/src/stm32f10x_pwr.o
LOAD z_build/c_hardware/SPL/src/stm32f10x_dma.o
LOAD z_build/c_hardware/SPL/src/misc.o
LOAD z_build/c_hardware/SPL/src/stm32f10x_crc.o
LOAD z_build/c_hardware/SPL/src/stm32f10x_wwdg.o
LOAD z_build/c_hardware/SPL/src/stm32f10x_iwdg.o
LOAD z_build/c_hardware/SPL/src/stm32f10x_fsmc.o
LOAD z_build/c_hardware/SPL/src/stm32f10x_gpio.o
LOAD z_build/c_hardware/SPL/src/stm32f10x_adc.o
LOAD z_build/c_hardware/SPL/src/stm32f10x_dac.o
LOAD z_build/c_hardware/SPL/src/stm32f10x_dbgmcu.o
LOAD z_build/c_hardware/SPL/src/stm32f10x_cec.o
LOAD z_build/c_hardware/SPL/src/stm32f10x_tim.o
LOAD z_build/c_hardware/SPL/src/stm32f10x_can.o
LOAD z_build/c_hardware/SPL/src/stm32f10x_flash.o
LOAD z_build/c_hardware/SPL/src/stm32f10x_usart.o
LOAD z_build/c_hardware/SPL/src/stm32f10x_i2c.o
LOAD z_build/c_hardware/SPL/src/stm32f10x_spi.o
LOAD z_build/c_hardware/SPL/src/stm32f10x_exti.o
LOAD z_build/c_hardware/SPL/src/stm32f10x_rtc.o
LOAD z_build/y_thirdparty/string_handler/string_handler.o
LOAD z_build/y_thirdparty/lwrb/lwrb.o
LOAD z_build/root/app.o
LOAD z_build/startup/startup.o
START GROUP
LOAD /home/bdang/toolchains/gcc-arm-none-eabi-14.3/bin/../lib/gcc/arm-none-eabi/14.3.1/thumb/v7-m/nofp/libgcc.a
LOAD /home/bdang/toolchains/gcc-arm-none-eabi-14.3/bin/../lib/gcc/arm-none-eabi/14.3.1/../../../../arm-none-eabi/lib/thumb/v7-m/nofp/libc_nano.a
END GROUP
START GROUP
LOAD /home/bdang/toolchains/gcc-arm-none-eabi-14.3/bin/../lib/gcc/arm-none-eabi/14.3.1/thumb/v7-m/nofp/libgcc.a
LOAD /home/bdang/toolchains/gcc-arm-none-eabi-14.3/bin/../lib/gcc/arm-none-eabi/14.3.1/../../../../arm-none-eabi/lib/thumb/v7-m/nofp/libc_nano.a
LOAD /home/bdang/toolchains/gcc-arm-none-eabi-14.3/bin/../lib/gcc/arm-none-eabi/14.3.1/../../../../arm-none-eabi/lib/thumb/v7-m/nofp/libnosys.a
END GROUP
START GROUP
LOAD /home/bdang/toolchains/gcc-arm-none-eabi-14.3/bin/../lib/gcc/arm-none-eabi/14.3.1/thumb/v7-m/nofp/libgcc.a
LOAD /home/bdang/toolchains/gcc-arm-none-eabi-14.3/bin/../lib/gcc/arm-none-eabi/14.3.1/../../../../arm-none-eabi/lib/thumb/v7-m/nofp/libc_nano.a
LOAD /home/bdang/toolchains/gcc-arm-none-eabi-14.3/bin/../lib/gcc/arm-none-eabi/14.3.1/../../../../arm-none-eabi/lib/thumb/v7-m/nofp/libnosys.a
END GROUP
LOAD /home/bdang/toolchains/gcc-arm-none-eabi-14.3/bin/../lib/gcc/arm-none-eabi/14.3.1/thumb/v7-m/nofp/crtend.o
LOAD /home/bdang/toolchains/gcc-arm-none-eabi-14.3/bin/../lib/gcc/arm-none-eabi/14.3.1/thumb/v7-m/nofp/crtn.o
                0x20005000                        _estack = 0x20005000
                0x00000000                        _Min_Heap_Size = 0x0
                0x00000100                        _Min_Stack_Size = 0x100

.isr_vector     0x08004000      0x10c
                0x08004000                        . = ALIGN (0x4)
 *(.isr_vector)
 .isr_vector    0x08004000      0x10c z_build/startup/startup.o
                0x08004000                g_pfnVectors
                0x0800410c                        . = ALIGN (0x4)

.text           0x0800410c     0x29c4
                0x0800410c                        . = ALIGN (0x4)
 *(.text)
 *(.text*)
 .text.deregister_tm_clones
                0x0800410c       0x1c /home/bdang/toolchains/gcc-arm-none-eabi-14.3/bin/../lib/gcc/arm-none-eabi/14.3.1/thumb/v7-m/nofp/crtbegin.o
 .text.register_tm_clones
                0x08004128       0x24 /home/bdang/toolchains/gcc-arm-none-eabi-14.3/bin/../lib/gcc/arm-none-eabi/14.3.1/thumb/v7-m/nofp/crtbegin.o
 .text.__do_global_dtors_aux
                0x0800414c       0x28 /home/bdang/toolchains/gcc-arm-none-eabi-14.3/bin/../lib/gcc/arm-none-eabi/14.3.1/thumb/v7-m/nofp/crtbegin.o
 .text.frame_dummy
                0x08004174       0x24 /home/bdang/toolchains/gcc-arm-none-eabi-14.3/bin/../lib/gcc/arm-none-eabi/14.3.1/thumb/v7-m/nofp/crtbegin.o
 .text.NMI_Handler
                0x08004198        0xc z_build/a_application/stm32f1xx_it.o
                0x08004198                NMI_Handler
 .text.HardFault_Handler
                0x080041a4        0x8 z_build/a_application/stm32f1xx_it.o
                0x080041a4                HardFault_Handler
 .text.MemManage_Handler
                0x080041ac        0x8 z_build/a_application/stm32f1xx_it.o
                0x080041ac                MemManage_Handler
 .text.BusFault_Handler
                0x080041b4        0x8 z_build/a_application/stm32f1xx_it.o
                0x080041b4                BusFault_Handler
 .text.UsageFault_Handler
                0x080041bc        0x8 z_build/a_application/stm32f1xx_it.o
                0x080041bc                UsageFault_Handler
 .text.SVC_Handler
                0x080041c4        0xc z_build/a_application/stm32f1xx_it.o
                0x080041c4                SVC_Handler
 .text.DebugMon_Handler
                0x080041d0        0xc z_build/a_application/stm32f1xx_it.o
                0x080041d0                DebugMon_Handler
 .text.PendSV_Handler
                0x080041dc        0xc z_build/a_application/stm32f1xx_it.o
                0x080041dc                PendSV_Handler
 .text.SysTick_Handler
                0x080041e8       0x1c z_build/a_application/stm32f1xx_it.o
                0x080041e8                SysTick_Handler
 .text.USART1_IRQHandler
                0x08004204       0x40 z_build/a_application/stm32f1xx_it.o
                0x08004204                USART1_IRQHandler
 .text.debug_printf
                0x08004244       0x50 z_build/b_middleware/debugger/debugger.o
                0x08004244                debug_printf
 .text.ota_init
                0x08004294       0x48 z_build/b_middleware/ota_engine/ota_engine.o
                0x08004294                ota_init
 .text.set_fw_size
                0x080042dc       0x2c z_build/b_middleware/ota_engine/ota_engine.o
                0x080042dc                set_fw_size
 .text.set_fw_flag
                0x08004308       0x3c z_build/b_middleware/ota_engine/ota_engine.o
                0x08004308                set_fw_flag
 .text.processor_init
                0x08004344       0x20 z_build/b_middleware/processor/processor.o
                0x08004344                processor_init
 .text.processor
                0x08004364       0x30 z_build/b_middleware/processor/processor.o
                0x08004364                processor
 .text.esp32_parse
                0x08004394      0x128 z_build/b_middleware/usart_engine/usart_engine.o
                0x08004394                esp32_parse
 .text.esp32_line_process
                0x080044bc       0xdc z_build/b_middleware/usart_engine/usart_engine.o
 .text.usart_sendstring
                0x08004598       0x3e z_build/b_middleware/usart_engine/usart_engine.o
                0x08004598                usart_sendstring
 *fill*         0x080045d6        0x2 
 .text.usart_engine_init
                0x080045d8       0x1c z_build/b_middleware/usart_engine/usart_engine.o
                0x080045d8                usart_engine_init
 .text.W25Q32_ReadStatusReg
                0x080045f4       0x34 z_build/b_middleware/w25q32_engine/w25q32_engine.o
                0x080045f4                W25Q32_ReadStatusReg
 .text.W25Q32_WaitBusy
                0x08004628       0x1a z_build/b_middleware/w25q32_engine/w25q32_engine.o
                0x08004628                W25Q32_WaitBusy
 *fill*         0x08004642        0x2 
 .text.W25Q32_WriteEnable
                0x08004644       0x24 z_build/b_middleware/w25q32_engine/w25q32_engine.o
                0x08004644                W25Q32_WriteEnable
 .text.W25Q32_EraseChip
                0x08004668       0x30 z_build/b_middleware/w25q32_engine/w25q32_engine.o
                0x08004668                W25Q32_EraseChip
 .text.W25Q32_WritePage
                0x08004698       0x9c z_build/b_middleware/w25q32_engine/w25q32_engine.o
                0x08004698                W25Q32_WritePage
 .text.W25Q32_WriteData
                0x08004734       0x5e z_build/b_middleware/w25q32_engine/w25q32_engine.o
                0x08004734                W25Q32_WriteData
 *fill*         0x08004792        0x2 
 .text.SPI1_transfer_w25q32
                0x08004794       0x48 z_build/b_middleware/spi_engine/spi_engine.o
                0x08004794                SPI1_transfer_w25q32
 .text.SystemInit
                0x080047dc       0x68 z_build/c_hardware/Device/src/system_stm32f10x.o
                0x080047dc                SystemInit
 .text.SystemCoreClockUpdate
                0x08004844       0xe4 z_build/c_hardware/Device/src/system_stm32f10x.o
                0x08004844                SystemCoreClockUpdate
 .text.SetSysClock
                0x08004928        0xc z_build/c_hardware/Device/src/system_stm32f10x.o
 .text.SetSysClockTo72
                0x08004934      0x100 z_build/c_hardware/Device/src/system_stm32f10x.o
 .text.NVIC_SetPriority
                0x08004a34       0x54 z_build/c_hardware/Device/src/systick.o
 .text.SysTick_Config
                0x08004a88       0x44 z_build/c_hardware/Device/src/systick.o
 .text.systick_init
                0x08004acc       0x30 z_build/c_hardware/Device/src/systick.o
                0x08004acc                systick_init
 .text.delay_ms
                0x08004afc       0x30 z_build/c_hardware/Device/src/systick.o
                0x08004afc                delay_ms
 .text.USART_Debugger_Init
                0x08004b2c       0x80 z_build/c_hardware/Device/src/hardware.o
                0x08004b2c                USART_Debugger_Init
 .text.ESP32_USART_Init
                0x08004bac       0x90 z_build/c_hardware/Device/src/hardware.o
 .text.W25Q32_SPI_Init
                0x08004c3c       0x90 z_build/c_hardware/Device/src/hardware.o
 .text.Clock_72MHz_HSE_Init
                0x08004ccc       0x7e z_build/c_hardware/Device/src/hardware.o
 *fill*         0x08004d4a        0x2 
 .text.LED_Init
                0x08004d4c       0x34 z_build/c_hardware/Device/src/hardware.o
 .text.hardware_init
                0x08004d80       0x34 z_build/c_hardware/Device/src/hardware.o
                0x08004d80                hardware_init
 .text.RCC_DeInit
                0x08004db4       0x5c z_build/c_hardware/SPL/src/stm32f10x_rcc.o
                0x08004db4                RCC_DeInit
 .text.RCC_HSEConfig
                0x08004e10       0x5c z_build/c_hardware/SPL/src/stm32f10x_rcc.o
                0x08004e10                RCC_HSEConfig
 .text.RCC_WaitForHSEStartUp
                0x08004e6c       0x50 z_build/c_hardware/SPL/src/stm32f10x_rcc.o
                0x08004e6c                RCC_WaitForHSEStartUp
 .text.RCC_PLLConfig
                0x08004ebc       0x3c z_build/c_hardware/SPL/src/stm32f10x_rcc.o
                0x08004ebc                RCC_PLLConfig
 .text.RCC_PLLCmd
                0x08004ef8       0x20 z_build/c_hardware/SPL/src/stm32f10x_rcc.o
                0x08004ef8                RCC_PLLCmd
 .text.RCC_SYSCLKConfig
                0x08004f18       0x38 z_build/c_hardware/SPL/src/stm32f10x_rcc.o
                0x08004f18                RCC_SYSCLKConfig
 .text.RCC_GetSYSCLKSource
                0x08004f50       0x1c z_build/c_hardware/SPL/src/stm32f10x_rcc.o
                0x08004f50                RCC_GetSYSCLKSource
 .text.RCC_HCLKConfig
                0x08004f6c       0x38 z_build/c_hardware/SPL/src/stm32f10x_rcc.o
                0x08004f6c                RCC_HCLKConfig
 .text.RCC_PCLK1Config
                0x08004fa4       0x38 z_build/c_hardware/SPL/src/stm32f10x_rcc.o
                0x08004fa4                RCC_PCLK1Config
 .text.RCC_PCLK2Config
                0x08004fdc       0x38 z_build/c_hardware/SPL/src/stm32f10x_rcc.o
                0x08004fdc                RCC_PCLK2Config
 .text.RCC_GetClocksFreq
                0x08005014      0x16c z_build/c_hardware/SPL/src/stm32f10x_rcc.o
                0x08005014                RCC_GetClocksFreq
 .text.RCC_APB2PeriphClockCmd
                0x08005180       0x3c z_build/c_hardware/SPL/src/stm32f10x_rcc.o
                0x08005180                RCC_APB2PeriphClockCmd
 .text.RCC_APB1PeriphClockCmd
                0x080051bc       0x3c z_build/c_hardware/SPL/src/stm32f10x_rcc.o
                0x080051bc                RCC_APB1PeriphClockCmd
 .text.RCC_GetFlagStatus
                0x080051f8       0x74 z_build/c_hardware/SPL/src/stm32f10x_rcc.o
                0x080051f8                RCC_GetFlagStatus
 .text.NVIC_Init
                0x0800526c       0xc4 z_build/c_hardware/SPL/src/misc.o
                0x0800526c                NVIC_Init
 .text.GPIO_Init
                0x08005330      0x178 z_build/c_hardware/SPL/src/stm32f10x_gpio.o
                0x08005330                GPIO_Init
 .text.GPIO_SetBits
                0x080054a8       0x1c z_build/c_hardware/SPL/src/stm32f10x_gpio.o
                0x080054a8                GPIO_SetBits
 .text.GPIO_ResetBits
                0x080054c4       0x1c z_build/c_hardware/SPL/src/stm32f10x_gpio.o
                0x080054c4                GPIO_ResetBits
 .text.FLASH_SetLatency
                0x080054e0       0x38 z_build/c_hardware/SPL/src/stm32f10x_flash.o
                0x080054e0                FLASH_SetLatency
 .text.FLASH_PrefetchBufferCmd
                0x08005518       0x30 z_build/c_hardware/SPL/src/stm32f10x_flash.o
                0x08005518                FLASH_PrefetchBufferCmd
 .text.FLASH_Unlock
                0x08005548       0x24 z_build/c_hardware/SPL/src/stm32f10x_flash.o
                0x08005548                FLASH_Unlock
 .text.FLASH_Lock
                0x0800556c       0x1c z_build/c_hardware/SPL/src/stm32f10x_flash.o
                0x0800556c                FLASH_Lock
 .text.FLASH_ErasePage
                0x08005588       0x64 z_build/c_hardware/SPL/src/stm32f10x_flash.o
                0x08005588                FLASH_ErasePage
 .text.FLASH_ProgramWord
                0x080055ec       0x94 z_build/c_hardware/SPL/src/stm32f10x_flash.o
                0x080055ec                FLASH_ProgramWord
 .text.FLASH_ClearFlag
                0x08005680       0x1c z_build/c_hardware/SPL/src/stm32f10x_flash.o
                0x08005680                FLASH_ClearFlag
 .text.FLASH_GetBank1Status
                0x0800569c       0x54 z_build/c_hardware/SPL/src/stm32f10x_flash.o
                0x0800569c                FLASH_GetBank1Status
 .text.FLASH_WaitForLastOperation
                0x080056f0       0x44 z_build/c_hardware/SPL/src/stm32f10x_flash.o
                0x080056f0                FLASH_WaitForLastOperation
 .text.USART_Init
                0x08005734      0x174 z_build/c_hardware/SPL/src/stm32f10x_usart.o
                0x08005734                USART_Init
 .text.USART_Cmd
                0x080058a8       0x3e z_build/c_hardware/SPL/src/stm32f10x_usart.o
                0x080058a8                USART_Cmd
 .text.USART_ITConfig
                0x080058e6       0x8e z_build/c_hardware/SPL/src/stm32f10x_usart.o
                0x080058e6                USART_ITConfig
 .text.USART_SendData
                0x08005974       0x22 z_build/c_hardware/SPL/src/stm32f10x_usart.o
                0x08005974                USART_SendData
 .text.USART_ReceiveData
                0x08005996       0x1e z_build/c_hardware/SPL/src/stm32f10x_usart.o
                0x08005996                USART_ReceiveData
 .text.USART_GetFlagStatus
                0x080059b4       0x36 z_build/c_hardware/SPL/src/stm32f10x_usart.o
                0x080059b4                USART_GetFlagStatus
 .text.USART_GetITStatus
                0x080059ea       0xb4 z_build/c_hardware/SPL/src/stm32f10x_usart.o
                0x080059ea                USART_GetITStatus
 .text.SPI_Init
                0x08005a9e       0x86 z_build/c_hardware/SPL/src/stm32f10x_spi.o
                0x08005a9e                SPI_Init
 .text.SPI_Cmd  0x08005b24       0x3e z_build/c_hardware/SPL/src/stm32f10x_spi.o
                0x08005b24                SPI_Cmd
 .text.SPI_I2S_SendData
                0x08005b62       0x1c z_build/c_hardware/SPL/src/stm32f10x_spi.o
                0x08005b62                SPI_I2S_SendData
 .text.SPI_I2S_ReceiveData
                0x08005b7e       0x18 z_build/c_hardware/SPL/src/stm32f10x_spi.o
                0x08005b7e                SPI_I2S_ReceiveData
 .text.SPI_I2S_GetFlagStatus
                0x08005b96       0x36 z_build/c_hardware/SPL/src/stm32f10x_spi.o
                0x08005b96                SPI_I2S_GetFlagStatus
 .text.fast_atoi
                0x08005bcc       0x46 z_build/y_thirdparty/string_handler/string_handler.o
                0x08005bcc                fast_atoi
 .text.parse_ota_size
                0x08005c12       0x34 z_build/y_thirdparty/string_handler/string_handler.o
                0x08005c12                parse_ota_size
 .text.lwrb_init
                0x08005c46       0x60 z_build/y_thirdparty/lwrb/lwrb.o
                0x08005c46                lwrb_init
 .text.lwrb_write
                0x08005ca6       0x36 z_build/y_thirdparty/lwrb/lwrb.o
                0x08005ca6                lwrb_write
 .text.lwrb_write_ex
                0x08005cdc      0x130 z_build/y_thirdparty/lwrb/lwrb.o
                0x08005cdc                lwrb_write_ex
 .text.lwrb_read
                0x08005e0c       0x36 z_build/y_thirdparty/lwrb/lwrb.o
                0x08005e0c                lwrb_read
 .text.lwrb_read_ex
                0x08005e42      0x130 z_build/y_thirdparty/lwrb/lwrb.o
                0x08005e42                lwrb_read_ex
 .text.lwrb_get_free
                0x08005f72       0x7c z_build/y_thirdparty/lwrb/lwrb.o
                0x08005f72                lwrb_get_free
 .text.lwrb_get_full
                0x08005fee       0x7a z_build/y_thirdparty/lwrb/lwrb.o
                0x08005fee                lwrb_get_full
 .text.main     0x08006068        0xe z_build/root/app.o
                0x08006068                main
 *fill*         0x08006076        0x2 
 .text.Reset_Handler
                0x08006078       0x50 z_build/startup/startup.o
                0x08006078                Reset_Handler
 .text.Default_Handler
                0x080060c8        0x2 z_build/startup/startup.o
                0x080060c8                EXTI2_IRQHandler
                0x080060c8                TIM1_CC_IRQHandler
                0x080060c8                PVD_IRQHandler
                0x080060c8                EXTI3_IRQHandler
                0x080060c8                EXTI0_IRQHandler
                0x080060c8                I2C2_EV_IRQHandler
                0x080060c8                ADC1_2_IRQHandler
                0x080060c8                SPI1_IRQHandler
                0x080060c8                TAMPER_IRQHandler
                0x080060c8                DMA1_Channel4_IRQHandler
                0x080060c8                USART3_IRQHandler
                0x080060c8                RTC_IRQHandler
                0x080060c8                DMA1_Channel7_IRQHandler
                0x080060c8                CAN1_RX1_IRQHandler
                0x080060c8                TIM4_IRQHandler
                0x080060c8                I2C1_EV_IRQHandler
                0x080060c8                DMA1_Channel6_IRQHandler
                0x080060c8                TIM3_IRQHandler
                0x080060c8                RCC_IRQHandler
                0x080060c8                TIM1_TRG_COM_IRQHandler
                0x080060c8                DMA1_Channel1_IRQHandler
                0x080060c8                Default_Handler
                0x080060c8                EXTI15_10_IRQHandler
                0x080060c8                EXTI9_5_IRQHandler
                0x080060c8                SPI2_IRQHandler
                0x080060c8                DMA1_Channel5_IRQHandler
                0x080060c8                EXTI4_IRQHandler
                0x080060c8                USB_LP_CAN1_RX0_IRQHandler
                0x080060c8                USB_HP_CAN1_TX_IRQHandler
                0x080060c8                DMA1_Channel3_IRQHandler
                0x080060c8                TIM1_UP_IRQHandler
                0x080060c8                WWDG_IRQHandler
                0x080060c8                TIM2_IRQHandler
                0x080060c8                TIM1_BRK_IRQHandler
                0x080060c8                EXTI1_IRQHandler
                0x080060c8                RTCAlarm_IRQHandler
                0x080060c8                USART2_IRQHandler
                0x080060c8                I2C2_ER_IRQHandler
                0x080060c8                DMA1_Channel2_IRQHandler
                0x080060c8                CAN1_SCE_IRQHandler
                0x080060c8                FLASH_IRQHandler
                0x080060c8                I2C1_ER_IRQHandler
                0x080060c8                USBWakeUp_IRQHandler
 .text._vsnprintf_r
                0x080060ca       0x5c /home/bdang/toolchains/gcc-arm-none-eabi-14.3/bin/../lib/gcc/arm-none-eabi/14.3.1/../../../../arm-none-eabi/lib/thumb/v7-m/nofp/libc_nano.a(libc_a-vsnprintf.o)
                0x080060ca                _vsnprintf_r
                0x080060ca                _vsniprintf_r
 *fill*         0x08006126        0x2 
 .text.vsnprintf
                0x08006128       0x1c /home/bdang/toolchains/gcc-arm-none-eabi-14.3/bin/../lib/gcc/arm-none-eabi/14.3.1/../../../../arm-none-eabi/lib/thumb/v7-m/nofp/libc_nano.a(libc_a-vsnprintf.o)
                0x08006128                vsnprintf
                0x08006128                vsniprintf
 .text.strchr   0x08006144       0x1a /home/bdang/toolchains/gcc-arm-none-eabi-14.3/bin/../lib/gcc/arm-none-eabi/14.3.1/../../../../arm-none-eabi/lib/thumb/v7-m/nofp/libc_nano.a(libc_a-strchr.o)
                0x08006144                strchr
 .text.strstr   0x0800615e       0x2c /home/bdang/toolchains/gcc-arm-none-eabi-14.3/bin/../lib/gcc/arm-none-eabi/14.3.1/../../../../arm-none-eabi/lib/thumb/v7-m/nofp/libc_nano.a(libc_a-strstr.o)
                0x0800615e                strstr
 *fill*         0x0800618a        0x2 
 .text.__libc_init_array
                0x0800618c       0x48 /home/bdang/toolchains/gcc-arm-none-eabi-14.3/bin/../lib/gcc/arm-none-eabi/14.3.1/../../../../arm-none-eabi/lib/thumb/v7-m/nofp/libc_nano.a(libc_a-init.o)
                0x0800618c                __libc_init_array
 .text.__retarget_lock_acquire_recursive
                0x080061d4        0x2 /home/bdang/toolchains/gcc-arm-none-eabi-14.3/bin/../lib/gcc/arm-none-eabi/14.3.1/../../../../arm-none-eabi/lib/thumb/v7-m/nofp/libc_nano.a(libc_a-lock.o)
                0x080061d4                __retarget_lock_acquire_recursive
 .text.__retarget_lock_release_recursive
                0x080061d6        0x2 /home/bdang/toolchains/gcc-arm-none-eabi-14.3/bin/../lib/gcc/arm-none-eabi/14.3.1/../../../../arm-none-eabi/lib/thumb/v7-m/nofp/libc_nano.a(libc_a-lock.o)
                0x080061d6                __retarget_lock_release_recursive
 .text.memcpy   0x080061d8       0x1c /home/bdang/toolchains/gcc-arm-none-eabi-14.3/bin/../lib/gcc/arm-none-eabi/14.3.1/../../../../arm-none-eabi/lib/thumb/v7-m/nofp/libc_nano.a(libc_a-memcpy-stub.o)
                0x080061d8                memcpy
 .text._free_r  0x080061f4       0x90 /home/bdang/toolchains/gcc-arm-none-eabi-14.3/bin/../lib/gcc/arm-none-eabi/14.3.1/../../../../arm-none-eabi/lib/thumb/v7-m/nofp/libc_nano.a(libc_a-freer.o)
                0x080061f4                _free_r
 .text.sbrk_aligned
                0x08006284       0x44 /home/bdang/toolchains/gcc-arm-none-eabi-14.3/bin/../lib/gcc/arm-none-eabi/14.3.1/../../../../arm-none-eabi/lib/thumb/v7-m/nofp/libc_nano.a(libc_a-mallocr.o)
 .text._malloc_r
                0x080062c8      0x100 /home/bdang/toolchains/gcc-arm-none-eabi-14.3/bin/../lib/gcc/arm-none-eabi/14.3.1/../../../../arm-none-eabi/lib/thumb/v7-m/nofp/libc_nano.a(libc_a-mallocr.o)
                0x080062c8                _malloc_r
 .text.__malloc_lock
                0x080063c8        0xc /home/bdang/toolchains/gcc-arm-none-eabi-14.3/bin/../lib/gcc/arm-none-eabi/14.3.1/../../../../arm-none-eabi/lib/thumb/v7-m/nofp/libc_nano.a(libc_a-mlock.o)
                0x080063c8                __malloc_lock
 .text.__malloc_unlock
                0x080063d4        0xc /home/bdang/toolchains/gcc-arm-none-eabi-14.3/bin/../lib/gcc/arm-none-eabi/14.3.1/../../../../arm-none-eabi/lib/thumb/v7-m/nofp/libc_nano.a(libc_a-mlock.o)
                0x080063d4                __malloc_unlock
 .text.__ssputs_r
                0x080063e0       0xc0 /home/bdang/toolchains/gcc-arm-none-eabi-14.3/bin/../lib/gcc/arm-none-eabi/14.3.1/../../../../arm-none-eabi/lib/thumb/v7-m/nofp/libc_nano.a(libc_a-nano-svfprintf.o)
                0x080063e0                __ssputs_r
 .text._svfprintf_r
                0x080064a0      0x1f0 /home/bdang/toolchains/gcc-arm-none-eabi-14.3/bin/../lib/gcc/arm-none-eabi/14.3.1/../../../../arm-none-eabi/lib/thumb/v7-m/nofp/libc_nano.a(libc_a-nano-svfprintf.o)
                0x080064a0                _svfprintf_r
                0x080064a0                _svfiprintf_r
 .text._printf_common
                0x08006690       0xe4 /home/bdang/toolchains/gcc-arm-none-eabi-14.3/bin/../lib/gcc/arm-none-eabi/14.3.1/../../../../arm-none-eabi/lib/thumb/v7-m/nofp/libc_nano.a(libc_a-nano-vfprintf_i.o)
                0x08006690                _printf_common
 .text._printf_i
                0x08006774      0x24c /home/bdang/toolchains/gcc-arm-none-eabi-14.3/bin/../lib/gcc/arm-none-eabi/14.3.1/../../../../arm-none-eabi/lib/thumb/v7-m/nofp/libc_nano.a(libc_a-nano-vfprintf_i.o)
                0x08006774                _printf_i
 .text.memmove  0x080069c0       0x32 /home/bdang/toolchains/gcc-arm-none-eabi-14.3/bin/../lib/gcc/arm-none-eabi/14.3.1/../../../../arm-none-eabi/lib/thumb/v7-m/nofp/libc_nano.a(libc_a-memmove.o)
                0x080069c0                memmove
 *fill*         0x080069f2        0x2 
 .text._sbrk_r  0x080069f4       0x20 /home/bdang/toolchains/gcc-arm-none-eabi-14.3/bin/../lib/gcc/arm-none-eabi/14.3.1/../../../../arm-none-eabi/lib/thumb/v7-m/nofp/libc_nano.a(libc_a-sbrkr.o)
                0x080069f4                _sbrk_r
 .text.memchr   0x08006a14       0x1c /home/bdang/toolchains/gcc-arm-none-eabi-14.3/bin/../lib/gcc/arm-none-eabi/14.3.1/../../../../arm-none-eabi/lib/thumb/v7-m/nofp/libc_nano.a(libc_a-memchr-stub.o)
                0x08006a14                memchr
 .text._realloc_r
                0x08006a30       0x5c /home/bdang/toolchains/gcc-arm-none-eabi-14.3/bin/../lib/gcc/arm-none-eabi/14.3.1/../../../../arm-none-eabi/lib/thumb/v7-m/nofp/libc_nano.a(libc_a-reallocr.o)
                0x08006a30                _realloc_r
 .text._malloc_usable_size_r
                0x08006a8c       0x10 /home/bdang/toolchains/gcc-arm-none-eabi-14.3/bin/../lib/gcc/arm-none-eabi/14.3.1/../../../../arm-none-eabi/lib/thumb/v7-m/nofp/libc_nano.a(libc_a-msizer.o)
                0x08006a8c                _malloc_usable_size_r
 .text._sbrk    0x08006a9c       0x1c /home/bdang/toolchains/gcc-arm-none-eabi-14.3/bin/../lib/gcc/arm-none-eabi/14.3.1/../../../../arm-none-eabi/lib/thumb/v7-m/nofp/libnosys.a(sbrk.o)
                0x08006a9c                _sbrk
 *(.glue_7)
 .glue_7        0x08006ab8        0x0 linker stubs
 *(.glue_7t)
 .glue_7t       0x08006ab8        0x0 linker stubs
 *(.eh_frame)
 .eh_frame      0x08006ab8        0x0 /home/bdang/toolchains/gcc-arm-none-eabi-14.3/bin/../lib/gcc/arm-none-eabi/14.3.1/thumb/v7-m/nofp/crtbegin.o
 *(.init)
 .init          0x08006ab8        0x4 /home/bdang/toolchains/gcc-arm-none-eabi-14.3/bin/../lib/gcc/arm-none-eabi/14.3.1/thumb/v7-m/nofp/crti.o
                0x08006ab8                _init
 .init          0x08006abc        0x8 /home/bdang/toolchains/gcc-arm-none-eabi-14.3/bin/../lib/gcc/arm-none-eabi/14.3.1/thumb/v7-m/nofp/crtn.o
 *(.fini)
 .fini          0x08006ac4        0x4 /home/bdang/toolchains/gcc-arm-none-eabi-14.3/bin/../lib/gcc/arm-none-eabi/14.3.1/thumb/v7-m/nofp/crti.o
                0x08006ac4                _fini
 .fini          0x08006ac8        0x8 /home/bdang/toolchains/gcc-arm-none-eabi-14.3/bin/../lib/gcc/arm-none-eabi/14.3.1/thumb/v7-m/nofp/crtn.o
                0x08006ad0                        . = ALIGN (0x4)
                0x08006ad0                        _etext = .

.vfp11_veneer   0x08006ad0        0x0
 .vfp11_veneer  0x08006ad0        0x0 linker stubs

.v4_bx          0x08006ad0        0x0
 .v4_bx         0x08006ad0        0x0 linker stubs

.iplt           0x08006ad0        0x0
 .iplt          0x08006ad0        0x0 /home/bdang/toolchains/gcc-arm-none-eabi-14.3/bin/../lib/gcc/arm-none-eabi/14.3.1/thumb/v7-m/nofp/crtbegin.o

.rodata         0x08006ad0      0x15c
                0x08006ad0                        . = ALIGN (0x4)
 *(.rodata)
 .rodata        0x08006ad0       0x5d z_build/b_middleware/processor/processor.o
 *fill*         0x08006b2d        0x3 
 .rodata        0x08006b30       0x68 z_build/b_middleware/usart_engine/usart_engine.o
 .rodata        0x08006b98       0x3a z_build/c_hardware/Device/src/hardware.o
 *(.rodata*)
 *fill*         0x08006bd2        0x2 
 .rodata.AHBPrescTable
                0x08006bd4       0x10 z_build/c_hardware/Device/src/system_stm32f10x.o
                0x08006bd4                AHBPrescTable
 .rodata.APBAHBPrescTable
                0x08006be4       0x10 z_build/c_hardware/SPL/src/stm32f10x_rcc.o
 .rodata.ADCPrescTable
                0x08006bf4        0x4 z_build/c_hardware/SPL/src/stm32f10x_rcc.o
 .rodata._svfprintf_r.str1.1
                0x08006bf8       0x33 /home/bdang/toolchains/gcc-arm-none-eabi-14.3/bin/../lib/gcc/arm-none-eabi/14.3.1/../../../../arm-none-eabi/lib/thumb/v7-m/nofp/libc_nano.a(libc_a-nano-svfprintf.o)
                                 0x11 (size before relaxing)
 .rodata._printf_i.str1.1
                0x08006c2b       0x22 /home/bdang/toolchains/gcc-arm-none-eabi-14.3/bin/../lib/gcc/arm-none-eabi/14.3.1/../../../../arm-none-eabi/lib/thumb/v7-m/nofp/libc_nano.a(libc_a-nano-vfprintf_i.o)
                0x08006c50                        . = ALIGN (0x4)
 *fill*         0x08006c2b        0x1 

.rel.dyn        0x08006c2c        0x0
 .rel.iplt      0x08006c2c        0x0 /home/bdang/toolchains/gcc-arm-none-eabi-14.3/bin/../lib/gcc/arm-none-eabi/14.3.1/thumb/v7-m/nofp/crtbegin.o

.ARM.extab
 *(.ARM.extab* .gnu.linkonce.armextab.*)

.ARM            0x08006c2c        0x0
                0x08006c2c                        __exidx_start = .
 *(.ARM.exidx*)
                0x08006c2c                        __exidx_end = .

.preinit_array  0x08006c2c        0x0
                0x08006c2c                        PROVIDE (__preinit_array_start = .)
 *(.preinit_array*)
                0x08006c2c                        PROVIDE (__preinit_array_end = .)

.init_array     0x08006c2c        0x4
                0x08006c2c                        PROVIDE (__init_array_start = .)
 *(SORT_BY_NAME(.init_array.*))
 *(.init_array*)
 .init_array    0x08006c2c        0x4 /home/bdang/toolchains/gcc-arm-none-eabi-14.3/bin/../lib/gcc/arm-none-eabi/14.3.1/thumb/v7-m/nofp/crtbegin.o
                0x08006c30                        PROVIDE (__init_array_end = .)

.fini_array     0x08006c30        0x4
                [!provide]                        PROVIDE (__fini_array_start = .)
 *(SORT_BY_NAME(.fini_array.*))
 *(.fini_array*)
 .fini_array    0x08006c30        0x4 /home/bdang/toolchains/gcc-arm-none-eabi-14.3/bin/../lib/gcc/arm-none-eabi/14.3.1/thumb/v7-m/nofp/crtbegin.o
                [!provide]                        PROVIDE (__fini_array_end = .)
                0x08006c34                        _sidata = LOADADDR (.data)

.data           0x20000000       0x54 load address 0x08006c34
                0x20000000                        . = ALIGN (0x4)
                0x20000000                        _sdata = .
 *(.data)
 *(.data*)
 .data.SystemCoreClock
                0x20000000        0x4 z_build/c_hardware/Device/src/system_stm32f10x.o
                0x20000000                SystemCoreClock
 .data._impure_ptr
                0x20000004        0x4 /home/bdang/toolchains/gcc-arm-none-eabi-14.3/bin/../lib/gcc/arm-none-eabi/14.3.1/../../../../arm-none-eabi/lib/thumb/v7-m/nofp/libc_nano.a(libc_a-impure.o)
                0x20000004                _impure_ptr
 .data._impure_data
                0x20000008       0x4c /home/bdang/toolchains/gcc-arm-none-eabi-14.3/bin/../lib/gcc/arm-none-eabi/14.3.1/../../../../arm-none-eabi/lib/thumb/v7-m/nofp/libc_nano.a(libc_a-impure.o)
                0x20000008                _impure_data
                0x20000054                        . = ALIGN (0x4)
                0x20000054                        _edata = .

.tm_clone_table
                0x20000054        0x0 load address 0x08006c88
 .tm_clone_table
                0x20000054        0x0 /home/bdang/toolchains/gcc-arm-none-eabi-14.3/bin/../lib/gcc/arm-none-eabi/14.3.1/thumb/v7-m/nofp/crtbegin.o
 .tm_clone_table
                0x20000054        0x0 /home/bdang/toolchains/gcc-arm-none-eabi-14.3/bin/../lib/gcc/arm-none-eabi/14.3.1/thumb/v7-m/nofp/crtend.o

.igot.plt       0x20000054        0x0 load address 0x08006c88
 .igot.plt      0x20000054        0x0 /home/bdang/toolchains/gcc-arm-none-eabi-14.3/bin/../lib/gcc/arm-none-eabi/14.3.1/thumb/v7-m/nofp/crtbegin.o
                0x20000054                        . = ALIGN (0x4)

.bss            0x20000054      0xda4 load address 0x08006c88
                0x20000054                        _sbss = .
                0x20000054                        __bss_start__ = _sbss
 *(.bss)
 *(.bss*)
 .bss.completed.1
                0x20000054        0x1 /home/bdang/toolchains/gcc-arm-none-eabi-14.3/bin/../lib/gcc/arm-none-eabi/14.3.1/thumb/v7-m/nofp/crtbegin.o
 *fill*         0x20000055        0x3 
 .bss.object.0  0x20000058       0x18 /home/bdang/toolchains/gcc-arm-none-eabi-14.3/bin/../lib/gcc/arm-none-eabi/14.3.1/thumb/v7-m/nofp/crtbegin.o
 .bss.ota_state
                0x20000070        0x1 z_build/b_middleware/ota_engine/ota_engine.o
                0x20000070                ota_state
 *fill*         0x20000071        0x3 
 .bss.ota_total_size
                0x20000074        0x4 z_build/b_middleware/ota_engine/ota_engine.o
                0x20000074                ota_total_size
 .bss.ota_received
                0x20000078        0x4 z_build/b_middleware/ota_engine/ota_engine.o
                0x20000078                ota_received
 .bss.ota_buff  0x2000007c      0x200 z_build/b_middleware/ota_engine/ota_engine.o
                0x2000007c                ota_buff
 .bss.data_idx  0x2000027c        0x2 z_build/b_middleware/ota_engine/ota_engine.o
                0x2000027c                data_idx
 *fill*         0x2000027e        0x2 
 .bss.fw_size   0x20000280        0x4 z_build/b_middleware/ota_engine/ota_engine.o
 .bss.fw_flag   0x20000284        0x4 z_build/b_middleware/ota_engine/ota_engine.o
 .bss.esp_usart_rb
                0x20000288       0x18 z_build/b_middleware/usart_engine/usart_engine.o
                0x20000288                esp_usart_rb
 .bss.lwrb_buffer
                0x200002a0      0x500 z_build/b_middleware/usart_engine/usart_engine.o
 .bss.line_buff
                0x200007a0      0x500 z_build/b_middleware/usart_engine/usart_engine.o
 .bss.line_len.0
                0x20000ca0        0x2 z_build/b_middleware/usart_engine/usart_engine.o
 *fill*         0x20000ca2        0x2 
 .bss.cur_w25_addr
                0x20000ca4        0x4 z_build/b_middleware/w25q32_engine/w25q32_engine.o
                0x20000ca4                cur_w25_addr
 .bss.msTicks   0x20000ca8        0x4 z_build/c_hardware/Device/src/systick.o
                0x20000ca8                msTicks
 .bss.__sf      0x20000cac      0x138 /home/bdang/toolchains/gcc-arm-none-eabi-14.3/bin/../lib/gcc/arm-none-eabi/14.3.1/../../../../arm-none-eabi/lib/thumb/v7-m/nofp/libc_nano.a(libc_a-findfp.o)
                0x20000cac                __sf
 .bss.errno     0x20000de4        0x4 /home/bdang/toolchains/gcc-arm-none-eabi-14.3/bin/../lib/gcc/arm-none-eabi/14.3.1/../../../../arm-none-eabi/lib/thumb/v7-m/nofp/libc_nano.a(libc_a-reent.o)
                0x20000de4                errno
 .bss.__lock___malloc_recursive_mutex
                0x20000de8        0x1 /home/bdang/toolchains/gcc-arm-none-eabi-14.3/bin/../lib/gcc/arm-none-eabi/14.3.1/../../../../arm-none-eabi/lib/thumb/v7-m/nofp/libc_nano.a(libc_a-lock.o)
                0x20000de8                __lock___malloc_recursive_mutex
 *fill*         0x20000de9        0x3 
 .bss.__malloc_sbrk_start
                0x20000dec        0x4 /home/bdang/toolchains/gcc-arm-none-eabi-14.3/bin/../lib/gcc/arm-none-eabi/14.3.1/../../../../arm-none-eabi/lib/thumb/v7-m/nofp/libc_nano.a(libc_a-mallocr.o)
                0x20000dec                __malloc_sbrk_start
 .bss.__malloc_free_list
                0x20000df0        0x4 /home/bdang/toolchains/gcc-arm-none-eabi-14.3/bin/../lib/gcc/arm-none-eabi/14.3.1/../../../../arm-none-eabi/lib/thumb/v7-m/nofp/libc_nano.a(libc_a-mallocr.o)
                0x20000df0                __malloc_free_list
 .bss.heap_end.0
                0x20000df4        0x4 /home/bdang/toolchains/gcc-arm-none-eabi-14.3/bin/../lib/gcc/arm-none-eabi/14.3.1/../../../../arm-none-eabi/lib/thumb/v7-m/nofp/libnosys.a(sbrk.o)
 *(COMMON)
                0x20000df8                        . = ALIGN (0x4)
                0x20000df8                        _ebss = .
                0x20000df8                        __bss_end__ = _ebss

._user_heap_stack
                0x20000df8      0x100 load address 0x08006c88
                0x20000df8                        . = ALIGN (0x4)
                0x20000df8                        PROVIDE (end = .)
                [!provide]                        PROVIDE (_end = .)
                0x20000df8                        . = (. + _Min_Heap_Size)
                0x20000ef8                        . = (. + _Min_Stack_Size)
 *fill*         0x20000df8      0x100 
                0x20000ef8                        . = ALIGN (0x4)

.memory_b1_text
 *(.mb1text)
 *(.mb1text*)
 *(.mb1rodata)
 *(.mb1rodata*)

/DISCARD/
 libc.a(*)
 libm.a(*)
 libgcc.a(*)

.ARM.attributes
                0x00000000       0x29
 *(.ARM.attributes)
 .ARM.attributes
                0x00000000       0x1d /home/bdang/toolchains/gcc-arm-none-eabi-14.3/bin/../lib/gcc/arm-none-eabi/14.3.1/thumb/v7-m/nofp/crti.o
 .ARM.attributes
                0x0000001d       0x2d /home/bdang/toolchains/gcc-arm-none-eabi-14.3/bin/../lib/gcc/arm-none-eabi/14.3.1/thumb/v7-m/nofp/crtbegin.o
 .ARM.attributes
                0x0000004a       0x2d z_build/a_application/stm32f1xx_it.o
 .ARM.attributes
                0x00000077       0x2d z_build/b_middleware/debugger/debugger.o
 .ARM.attributes
                0x000000a4       0x2d z_build/b_middleware/ota_engine/ota_engine.o
 .ARM.attributes
                0x000000d1       0x2d z_build/b_middleware/processor/processor.o
 .ARM.attributes
                0x000000fe       0x2d z_build/b_middleware/usart_engine/usart_engine.o
 .ARM.attributes
                0x0000012b       0x2d z_build/b_middleware/w25q32_engine/w25q32_engine.o
 .ARM.attributes
                0x00000158       0x2d z_build/b_middleware/spi_engine/spi_engine.o
 .ARM.attributes
                0x00000185       0x2d z_build/c_hardware/Device/src/system_stm32f10x.o
 .ARM.attributes
                0x000001b2       0x2d z_build/c_hardware/Device/src/systick.o
 .ARM.attributes
                0x000001df       0x2d z_build/c_hardware/Device/src/hardware.o
 .ARM.attributes
                0x0000020c       0x2d z_build/c_hardware/SPL/src/stm32f10x_rcc.o
 .ARM.attributes
                0x00000239       0x2d z_build/c_hardware/SPL/src/misc.o
 .ARM.attributes
                0x00000266       0x2d z_build/c_hardware/SPL/src/stm32f10x_gpio.o
 .ARM.attributes
                0x00000293       0x2d z_build/c_hardware/SPL/src/stm32f10x_flash.o
 .ARM.attributes
                0x000002c0       0x2d z_build/c_hardware/SPL/src/stm32f10x_usart.o
 .ARM.attributes
                0x000002ed       0x2d z_build/c_hardware/SPL/src/stm32f10x_spi.o
 .ARM.attributes
                0x0000031a       0x2d z_build/y_thirdparty/string_handler/string_handler.o
 .ARM.attributes
                0x00000347       0x2d z_build/y_thirdparty/lwrb/lwrb.o
 .ARM.attributes
                0x00000374       0x2d z_build/root/app.o
 .ARM.attributes
                0x000003a1       0x21 z_build/startup/startup.o
 .ARM.attributes
                0x000003c2       0x2d /home/bdang/toolchains/gcc-arm-none-eabi-14.3/bin/../lib/gcc/arm-none-eabi/14.3.1/../../../../arm-none-eabi/lib/thumb/v7-m/nofp/libc_nano.a(libc_a-findfp.o)
 .ARM.attributes
                0x000003ef       0x2d /home/bdang/toolchains/gcc-arm-none-eabi-14.3/bin/../lib/gcc/arm-none-eabi/14.3.1/../../../../arm-none-eabi/lib/thumb/v7-m/nofp/libc_nano.a(libc_a-vsnprintf.o)
 .ARM.attributes
                0x0000041c       0x2d /home/bdang/toolchains/gcc-arm-none-eabi-14.3/bin/../lib/gcc/arm-none-eabi/14.3.1/../../../../arm-none-eabi/lib/thumb/v7-m/nofp/libc_nano.a(libc_a-strchr.o)
 .ARM.attributes
                0x00000449       0x2d /home/bdang/toolchains/gcc-arm-none-eabi-14.3/bin/../lib/gcc/arm-none-eabi/14.3.1/../../../../arm-none-eabi/lib/thumb/v7-m/nofp/libc_nano.a(libc_a-strstr.o)
 .ARM.attributes
                0x00000476       0x2d /home/bdang/toolchains/gcc-arm-none-eabi-14.3/bin/../lib/gcc/arm-none-eabi/14.3.1/../../../../arm-none-eabi/lib/thumb/v7-m/nofp/libc_nano.a(libc_a-reent.o)
 .ARM.attributes
                0x000004a3       0x2d /home/bdang/toolchains/gcc-arm-none-eabi-14.3/bin/../lib/gcc/arm-none-eabi/14.3.1/../../../../arm-none-eabi/lib/thumb/v7-m/nofp/libc_nano.a(libc_a-impure.o)
 .ARM.attributes
                0x000004d0       0x2d /home/bdang/toolchains/gcc-arm-none-eabi-14.3/bin/../lib/gcc/arm-none-eabi/14.3.1/../../../../arm-none-eabi/lib/thumb/v7-m/nofp/libc_nano.a(libc_a-init.o)
 .ARM.attributes
                0x000004fd       0x2d /home/bdang/toolchains/gcc-arm-none-eabi-14.3/bin/../lib/gcc/arm-none-eabi/14.3.1/../../../../arm-none-eabi/lib/thumb/v7-m/nofp/libc_nano.a(libc_a-lock.o)
 .ARM.attributes
                0x0000052a       0x2d /home/bdang/toolchains/gcc-arm-none-eabi-14.3/bin/../lib/gcc/arm-none-eabi/14.3.1/../../../../arm-none-eabi/lib/thumb/v7-m/nofp/libc_nano.a(libc_a-memcpy-stub.o)
 .ARM.attributes
                0x00000557       0x2d /home/bdang/toolchains/gcc-arm-none-eabi-14.3/bin/../lib/gcc/arm-none-eabi/14.3.1/../../../../arm-none-eabi/lib/thumb/v7-m/nofp/libc_nano.a(libc_a-freer.o)
 .ARM.attributes
                0x00000584       0x2d /home/bdang/toolchains/gcc-arm-none-eabi-14.3/bin/../lib/gcc/arm-none-eabi/14.3.1/../../../../arm-none-eabi/lib/thumb/v7-m/nofp/libc_nano.a(libc_a-mallocr.o)
 .ARM.attributes
                0x000005b1       0x2d /home/bdang/toolchains/gcc-arm-none-eabi-14.3/bin/../lib/gcc/arm-none-eabi/14.3.1/../../../../arm-none-eabi/lib/thumb/v7-m/nofp/libc_nano.a(libc_a-mlock.o)
 .ARM.attributes
                0x000005de       0x2d /home/bdang/toolchains/gcc-arm-none-eabi-14.3/bin/../lib/gcc/arm-none-eabi/14.3.1/../../../../arm-none-eabi/lib/thumb/v7-m/nofp/libc_nano.a(libc_a-nano-svfprintf.o)
 .ARM.attributes
                0x0000060b       0x2d /home/bdang/toolchains/gcc-arm-none-eabi-14.3/bin/../lib/gcc/arm-none-eabi/14.3.1/../../../../arm-none-eabi/lib/thumb/v7-m/nofp/libc_nano.a(libc_a-nano-vfprintf_i.o)
 .ARM.attributes
                0x00000638       0x2d /home/bdang/toolchains/gcc-arm-none-eabi-14.3/bin/../lib/gcc/arm-none-eabi/14.3.1/../../../../arm-none-eabi/lib/thumb/v7-m/nofp/libc_nano.a(libc_a-memmove.o)
 .ARM.attributes
                0x00000665       0x2d /home/bdang/toolchains/gcc-arm-none-eabi-14.3/bin/../lib/gcc/arm-none-eabi/14.3.1/../../../../arm-none-eabi/lib/thumb/v7-m/nofp/libc_nano.a(libc_a-sbrkr.o)
 .ARM.attributes
                0x00000692       0x2d /home/bdang/toolchains/gcc-arm-none-eabi-14.3/bin/../lib/gcc/arm-none-eabi/14.3.1/../../../../arm-none-eabi/lib/thumb/v7-m/nofp/libc_nano.a(libc_a-memchr-stub.o)
 .ARM.attributes
                0x000006bf       0x2d /home/bdang/toolchains/gcc-arm-none-eabi-14.3/bin/../lib/gcc/arm-none-eabi/14.3.1/../../../../arm-none-eabi/lib/thumb/v7-m/nofp/libc_nano.a(libc_a-reallocr.o)
 .ARM.attributes
                0x000006ec       0x2d /home/bdang/toolchains/gcc-arm-none-eabi-14.3/bin/../lib/gcc/arm-none-eabi/14.3.1/../../../../arm-none-eabi/lib/thumb/v7-m/nofp/libc_nano.a(libc_a-msizer.o)
 .ARM.attributes
                0x00000719       0x2d /home/bdang/toolchains/gcc-arm-none-eabi-14.3/bin/../lib/gcc/arm-none-eabi/14.3.1/../../../../arm-none-eabi/lib/thumb/v7-m/nofp/libnosys.a(sbrk.o)
 .ARM.attributes
                0x00000746       0x2d /home/bdang/toolchains/gcc-arm-none-eabi-14.3/bin/../lib/gcc/arm-none-eabi/14.3.1/thumb/v7-m/nofp/crtend.o
 .ARM.attributes
                0x00000773       0x1d /home/bdang/toolchains/gcc-arm-none-eabi-14.3/bin/../lib/gcc/arm-none-eabi/14.3.1/thumb/v7-m/nofp/crtn.o
OUTPUT(z_build/app.elf elf32-littlearm)
LOAD linker stubs
LOAD /home/bdang/toolchains/gcc-arm-none-eabi-14.3/bin/../lib/gcc/arm-none-eabi/14.3.1/../../../../arm-none-eabi/lib/thumb/v7-m/nofp/libc.a
LOAD /home/bdang/toolchains/gcc-arm-none-eabi-14.3/bin/../lib/gcc/arm-none-eabi/14.3.1/../../../../arm-none-eabi/lib/thumb/v7-m/nofp/libm.a
LOAD /home/bdang/toolchains/gcc-arm-none-eabi-14.3/bin/../lib/gcc/arm-none-eabi/14.3.1/thumb/v7-m/nofp/libgcc.a

.debug_info     0x00000000     0x6ae2
 .debug_info    0x00000000      0x3e7 z_build/a_application/stm32f1xx_it.o
 .debug_info    0x000003e7      0x266 z_build/b_middleware/debugger/debugger.o
 .debug_info    0x0000064d      0x278 z_build/b_middleware/ota_engine/ota_engine.o
 .debug_info    0x000008c5      0x244 z_build/b_middleware/processor/processor.o
 .debug_info    0x00000b09      0x546 z_build/b_middleware/usart_engine/usart_engine.o
 .debug_info    0x0000104f      0x38f z_build/b_middleware/w25q32_engine/w25q32_engine.o
 .debug_info    0x000013de      0x23e z_build/b_middleware/spi_engine/spi_engine.o
 .debug_info    0x0000161c      0x489 z_build/c_hardware/Device/src/system_stm32f10x.o
 .debug_info    0x00001aa5      0x5d7 z_build/c_hardware/Device/src/systick.o
 .debug_info    0x0000207c      0xbaa z_build/c_hardware/Device/src/hardware.o
 .debug_info    0x00002c26      0x858 z_build/c_hardware/SPL/src/stm32f10x_rcc.o
 .debug_info    0x0000347e      0x4fa z_build/c_hardware/SPL/src/misc.o
 .debug_info    0x00003978      0x6da z_build/c_hardware/SPL/src/stm32f10x_gpio.o
 .debug_info    0x00004052      0x773 z_build/c_hardware/SPL/src/stm32f10x_flash.o
 .debug_info    0x000047c5      0x9f1 z_build/c_hardware/SPL/src/stm32f10x_usart.o
 .debug_info    0x000051b6      0x908 z_build/c_hardware/SPL/src/stm32f10x_spi.o
 .debug_info    0x00005abe      0x18f z_build/y_thirdparty/string_handler/string_handler.o
 .debug_info    0x00005c4d      0xdbd z_build/y_thirdparty/lwrb/lwrb.o
 .debug_info    0x00006a0a       0xa8 z_build/root/app.o
 .debug_info    0x00006ab2       0x30 z_build/startup/startup.o

.debug_abbrev   0x00000000     0x1e73
 .debug_abbrev  0x00000000      0x1b2 z_build/a_application/stm32f1xx_it.o
 .debug_abbrev  0x000001b2      0x158 z_build/b_middleware/debugger/debugger.o
 .debug_abbrev  0x0000030a      0x12c z_build/b_middleware/ota_engine/ota_engine.o
 .debug_abbrev  0x00000436      0x144 z_build/b_middleware/processor/processor.o
 .debug_abbrev  0x0000057a      0x279 z_build/b_middleware/usart_engine/usart_engine.o
 .debug_abbrev  0x000007f3      0x186 z_build/b_middleware/w25q32_engine/w25q32_engine.o
 .debug_abbrev  0x00000979      0x114 z_build/b_middleware/spi_engine/spi_engine.o
 .debug_abbrev  0x00000a8d      0x180 z_build/c_hardware/Device/src/system_stm32f10x.o
 .debug_abbrev  0x00000c0d      0x1de z_build/c_hardware/Device/src/systick.o
 .debug_abbrev  0x00000deb      0x20a z_build/c_hardware/Device/src/hardware.o
 .debug_abbrev  0x00000ff5      0x1e3 z_build/c_hardware/SPL/src/stm32f10x_rcc.o
 .debug_abbrev  0x000011d8      0x17f z_build/c_hardware/SPL/src/misc.o
 .debug_abbrev  0x00001357      0x217 z_build/c_hardware/SPL/src/stm32f10x_gpio.o
 .debug_abbrev  0x0000156e      0x1b6 z_build/c_hardware/SPL/src/stm32f10x_flash.o
 .debug_abbrev  0x00001724      0x1bf z_build/c_hardware/SPL/src/stm32f10x_usart.o
 .debug_abbrev  0x000018e3      0x1dc z_build/c_hardware/SPL/src/stm32f10x_spi.o
 .debug_abbrev  0x00001abf      0x116 z_build/y_thirdparty/string_handler/string_handler.o
 .debug_abbrev  0x00001bd5      0x21e z_build/y_thirdparty/lwrb/lwrb.o
 .debug_abbrev  0x00001df3       0x5c z_build/root/app.o
 .debug_abbrev  0x00001e4f       0x24 z_build/startup/startup.o

.debug_aranges  0x00000000      0x888
 .debug_aranges
                0x00000000       0x68 z_build/a_application/stm32f1xx_it.o
 .debug_aranges
                0x00000068       0x28 z_build/b_middleware/debugger/debugger.o
 .debug_aranges
                0x00000090       0x30 z_build/b_middleware/ota_engine/ota_engine.o
 .debug_aranges
                0x000000c0       0x30 z_build/b_middleware/processor/processor.o
 .debug_aranges
                0x000000f0       0x38 z_build/b_middleware/usart_engine/usart_engine.o
 .debug_aranges
                0x00000128       0x78 z_build/b_middleware/w25q32_engine/w25q32_engine.o
 .debug_aranges
                0x000001a0       0x20 z_build/b_middleware/spi_engine/spi_engine.o
 .debug_aranges
                0x000001c0       0x38 z_build/c_hardware/Device/src/system_stm32f10x.o
 .debug_aranges
                0x000001f8       0x40 z_build/c_hardware/Device/src/systick.o
 .debug_aranges
                0x00000238       0x50 z_build/c_hardware/Device/src/hardware.o
 .debug_aranges
                0x00000288      0x118 z_build/c_hardware/SPL/src/stm32f10x_rcc.o
 .debug_aranges
                0x000003a0       0x40 z_build/c_hardware/SPL/src/misc.o
 .debug_aranges
                0x000003e0       0xa8 z_build/c_hardware/SPL/src/stm32f10x_gpio.o
 .debug_aranges
                0x00000488       0xf8 z_build/c_hardware/SPL/src/stm32f10x_flash.o
 .debug_aranges
                0x00000580      0x100 z_build/c_hardware/SPL/src/stm32f10x_usart.o
 .debug_aranges
                0x00000680       0xd0 z_build/c_hardware/SPL/src/stm32f10x_spi.o
 .debug_aranges
                0x00000750       0x30 z_build/y_thirdparty/string_handler/string_handler.o
 .debug_aranges
                0x00000780       0xc0 z_build/y_thirdparty/lwrb/lwrb.o
 .debug_aranges
                0x00000840       0x20 z_build/root/app.o
 .debug_aranges
                0x00000860       0x28 z_build/startup/startup.o

.debug_rnglists
                0x00000000      0x626
 .debug_rnglists
                0x00000000       0x49 z_build/a_application/stm32f1xx_it.o
 .debug_rnglists
                0x00000049       0x19 z_build/b_middleware/debugger/debugger.o
 .debug_rnglists
                0x00000062       0x1f z_build/b_middleware/ota_engine/ota_engine.o
 .debug_rnglists
                0x00000081       0x20 z_build/b_middleware/processor/processor.o
 .debug_rnglists
                0x000000a1       0x27 z_build/b_middleware/usart_engine/usart_engine.o
 .debug_rnglists
                0x000000c8       0x57 z_build/b_middleware/w25q32_engine/w25q32_engine.o
 .debug_rnglists
                0x0000011f       0x13 z_build/b_middleware/spi_engine/spi_engine.o
 .debug_rnglists
                0x00000132       0x27 z_build/c_hardware/Device/src/system_stm32f10x.o
 .debug_rnglists
                0x00000159       0x2b z_build/c_hardware/Device/src/systick.o
 .debug_rnglists
                0x00000184       0x3a z_build/c_hardware/Device/src/hardware.o
 .debug_rnglists
                0x000001be       0xce z_build/c_hardware/SPL/src/stm32f10x_rcc.o
 .debug_rnglists
                0x0000028c       0x2c z_build/c_hardware/SPL/src/misc.o
 .debug_rnglists
                0x000002b8       0x7d z_build/c_hardware/SPL/src/stm32f10x_gpio.o
 .debug_rnglists
                0x00000335       0xba z_build/c_hardware/SPL/src/stm32f10x_flash.o
 .debug_rnglists
                0x000003ef       0xbf z_build/c_hardware/SPL/src/stm32f10x_usart.o
 .debug_rnglists
                0x000004ae       0x99 z_build/c_hardware/SPL/src/stm32f10x_spi.o
 .debug_rnglists
                0x00000547       0x20 z_build/y_thirdparty/string_handler/string_handler.o
 .debug_rnglists
                0x00000567       0x93 z_build/y_thirdparty/lwrb/lwrb.o
 .debug_rnglists
                0x000005fa       0x13 z_build/root/app.o
 .debug_rnglists
                0x0000060d       0x19 z_build/startup/startup.o

.debug_macro    0x00000000     0xe414
 .debug_macro   0x00000000      0x293 z_build/a_application/stm32f1xx_it.o
 .debug_macro   0x00000293      0xac6 z_build/a_application/stm32f1xx_it.o
 .debug_macro   0x00000d59       0x5d z_build/a_application/stm32f1xx_it.o
 .debug_macro   0x00000db6       0x34 z_build/a_application/stm32f1xx_it.o
 .debug_macro   0x00000dea       0x22 z_build/a_application/stm32f1xx_it.o
 .debug_macro   0x00000e0c       0x8e z_build/a_application/stm32f1xx_it.o
 .debug_macro   0x00000e9a       0x51 z_build/a_application/stm32f1xx_it.o
 .debug_macro   0x00000eeb      0x103 z_build/a_application/stm32f1xx_it.o
 .debug_macro   0x00000fee       0x6a z_build/a_application/stm32f1xx_it.o
 .debug_macro   0x00001058      0x1df z_build/a_application/stm32f1xx_it.o
 .debug_macro   0x00001237       0x18 z_build/a_application/stm32f1xx_it.o
 .debug_macro   0x0000124f      0x663 z_build/a_application/stm32f1xx_it.o
 .debug_macro   0x000018b2     0x7eb3 z_build/a_application/stm32f1xx_it.o
 .debug_macro   0x00009765       0x97 z_build/a_application/stm32f1xx_it.o
 .debug_macro   0x000097fc      0x2d5 z_build/a_application/stm32f1xx_it.o
 .debug_macro   0x00009ad1      0x2ad z_build/a_application/stm32f1xx_it.o
 .debug_macro   0x00009d7e      0x3e2 z_build/a_application/stm32f1xx_it.o
 .debug_macro   0x0000a160      0x2c4 z_build/a_application/stm32f1xx_it.o
 .debug_macro   0x0000a424      0x229 z_build/a_application/stm32f1xx_it.o
 .debug_macro   0x0000a64d       0x8c z_build/a_application/stm32f1xx_it.o
 .debug_macro   0x0000a6d9       0x35 z_build/a_application/stm32f1xx_it.o
 .debug_macro   0x0000a70e      0x190 z_build/a_application/stm32f1xx_it.o
 .debug_macro   0x0000a89e       0x7b z_build/a_application/stm32f1xx_it.o
 .debug_macro   0x0000a919       0x24 z_build/a_application/stm32f1xx_it.o
 .debug_macro   0x0000a93d       0x3c z_build/a_application/stm32f1xx_it.o
 .debug_macro   0x0000a979       0x34 z_build/a_application/stm32f1xx_it.o
 .debug_macro   0x0000a9ad      0x364 z_build/a_application/stm32f1xx_it.o
 .debug_macro   0x0000ad11       0x16 z_build/a_application/stm32f1xx_it.o
 .debug_macro   0x0000ad27       0x4a z_build/a_application/stm32f1xx_it.o
 .debug_macro   0x0000ad71       0x34 z_build/a_application/stm32f1xx_it.o
 .debug_macro   0x0000ada5       0x10 z_build/a_application/stm32f1xx_it.o
 .debug_macro   0x0000adb5       0x58 z_build/a_application/stm32f1xx_it.o
 .debug_macro   0x0000ae0d      0x1e5 z_build/a_application/stm32f1xx_it.o
 .debug_macro   0x0000aff2       0x10 z_build/a_application/stm32f1xx_it.o
 .debug_macro   0x0000b002       0x3c z_build/a_application/stm32f1xx_it.o
 .debug_macro   0x0000b03e      0x119 z_build/a_application/stm32f1xx_it.o
 .debug_macro   0x0000b157       0x10 z_build/a_application/stm32f1xx_it.o
 .debug_macro   0x0000b167       0x58 z_build/a_application/stm32f1xx_it.o
 .debug_macro   0x0000b1bf       0x1c z_build/a_application/stm32f1xx_it.o
 .debug_macro   0x0000b1db       0x1c z_build/a_application/stm32f1xx_it.o
 .debug_macro   0x0000b1f7       0x16 z_build/a_application/stm32f1xx_it.o
 .debug_macro   0x0000b20d      0x170 z_build/a_application/stm32f1xx_it.o
 .debug_macro   0x0000b37d       0x22 z_build/a_application/stm32f1xx_it.o
 .debug_macro   0x0000b39f       0x22 z_build/a_application/stm32f1xx_it.o
 .debug_macro   0x0000b3c1       0xd0 z_build/a_application/stm32f1xx_it.o
 .debug_macro   0x0000b491       0x94 z_build/a_application/stm32f1xx_it.o
 .debug_macro   0x0000b525       0x10 z_build/a_application/stm32f1xx_it.o
 .debug_macro   0x0000b535      0x28f z_build/b_middleware/debugger/debugger.o
 .debug_macro   0x0000b7c4       0x16 z_build/b_middleware/debugger/debugger.o
 .debug_macro   0x0000b7da       0x9e z_build/b_middleware/debugger/debugger.o
 .debug_macro   0x0000b878      0x112 z_build/b_middleware/debugger/debugger.o
 .debug_macro   0x0000b98a       0x16 z_build/b_middleware/debugger/debugger.o
 .debug_macro   0x0000b9a0       0x16 z_build/b_middleware/debugger/debugger.o
 .debug_macro   0x0000b9b6      0x293 z_build/b_middleware/ota_engine/ota_engine.o
 .debug_macro   0x0000bc49      0x297 z_build/b_middleware/processor/processor.o
 .debug_macro   0x0000bee0      0x28f z_build/b_middleware/usart_engine/usart_engine.o
 .debug_macro   0x0000c16f      0x137 z_build/b_middleware/w25q32_engine/w25q32_engine.o
 .debug_macro   0x0000c2a6      0x107 z_build/b_middleware/spi_engine/spi_engine.o
 .debug_macro   0x0000c3ad      0x10a z_build/c_hardware/Device/src/system_stm32f10x.o
 .debug_macro   0x0000c4b7      0x10b z_build/c_hardware/Device/src/systick.o
 .debug_macro   0x0000c5c2      0x11a z_build/c_hardware/Device/src/hardware.o
 .debug_macro   0x0000c6dc      0x227 z_build/c_hardware/SPL/src/stm32f10x_rcc.o
 .debug_macro   0x0000c903      0x3dc z_build/c_hardware/SPL/src/stm32f10x_rcc.o
 .debug_macro   0x0000ccdf      0x10d z_build/c_hardware/SPL/src/misc.o
 .debug_macro   0x0000cdec       0x86 z_build/c_hardware/SPL/src/misc.o
 .debug_macro   0x0000ce72      0x155 z_build/c_hardware/SPL/src/stm32f10x_gpio.o
 .debug_macro   0x0000cfc7      0x2a7 z_build/c_hardware/SPL/src/stm32f10x_gpio.o
 .debug_macro   0x0000d26e      0x19d z_build/c_hardware/SPL/src/stm32f10x_flash.o
 .debug_macro   0x0000d40b      0x2cf z_build/c_hardware/SPL/src/stm32f10x_flash.o
 .debug_macro   0x0000d6da      0x1bb z_build/c_hardware/SPL/src/stm32f10x_usart.o
 .debug_macro   0x0000d895      0x223 z_build/c_hardware/SPL/src/stm32f10x_usart.o
 .debug_macro   0x0000dab8      0x16d z_build/c_hardware/SPL/src/stm32f10x_spi.o
 .debug_macro   0x0000dc25      0x2be z_build/c_hardware/SPL/src/stm32f10x_spi.o
 .debug_macro   0x0000dee3      0x126 z_build/y_thirdparty/string_handler/string_handler.o
 .debug_macro   0x0000e009      0x174 z_build/y_thirdparty/lwrb/lwrb.o
 .debug_macro   0x0000e17d      0x297 z_build/root/app.o

.debug_line     0x00000000     0x73c6
 .debug_line    0x00000000      0x61b z_build/a_application/stm32f1xx_it.o
 .debug_line    0x0000061b      0x575 z_build/b_middleware/debugger/debugger.o
 .debug_line    0x00000b90      0x5b7 z_build/b_middleware/ota_engine/ota_engine.o
 .debug_line    0x00001147      0x5ad z_build/b_middleware/processor/processor.o
 .debug_line    0x000016f4      0x688 z_build/b_middleware/usart_engine/usart_engine.o
 .debug_line    0x00001d7c      0x579 z_build/b_middleware/w25q32_engine/w25q32_engine.o
 .debug_line    0x000022f5      0x355 z_build/b_middleware/spi_engine/spi_engine.o
 .debug_line    0x0000264a      0x4ca z_build/c_hardware/Device/src/system_stm32f10x.o
 .debug_line    0x00002b14      0x3ef z_build/c_hardware/Device/src/systick.o
 .debug_line    0x00002f03      0x47c z_build/c_hardware/Device/src/hardware.o
 .debug_line    0x0000337f      0x8d0 z_build/c_hardware/SPL/src/stm32f10x_rcc.o
 .debug_line    0x00003c4f      0x419 z_build/c_hardware/SPL/src/misc.o
 .debug_line    0x00004068      0x704 z_build/c_hardware/SPL/src/stm32f10x_gpio.o
 .debug_line    0x0000476c      0x931 z_build/c_hardware/SPL/src/stm32f10x_flash.o
 .debug_line    0x0000509d      0x891 z_build/c_hardware/SPL/src/stm32f10x_usart.o
 .debug_line    0x0000592e      0x76a z_build/c_hardware/SPL/src/stm32f10x_spi.o
 .debug_line    0x00006098      0x35d z_build/y_thirdparty/string_handler/string_handler.o
 .debug_line    0x000063f5      0xa08 z_build/y_thirdparty/lwrb/lwrb.o
 .debug_line    0x00006dfd      0x551 z_build/root/app.o
 .debug_line    0x0000734e       0x78 z_build/startup/startup.o

.debug_str      0x00000000    0x43163
 .debug_str     0x00000000    0x43163 z_build/a_application/stm32f1xx_it.o
                              0x3fdb4 (size before relaxing)
 .debug_str     0x00043163    0x3fc62 z_build/b_middleware/debugger/debugger.o
 .debug_str     0x00043163    0x3fd2a z_build/b_middleware/ota_engine/ota_engine.o
 .debug_str     0x00043163    0x3fc88 z_build/b_middleware/processor/processor.o
 .debug_str     0x00043163    0x3fe77 z_build/b_middleware/usart_engine/usart_engine.o
 .debug_str     0x00043163    0x3b574 z_build/b_middleware/w25q32_engine/w25q32_engine.o
 .debug_str     0x00043163    0x3ad74 z_build/b_middleware/spi_engine/spi_engine.o
 .debug_str     0x00043163    0x3ae12 z_build/c_hardware/Device/src/system_stm32f10x.o
 .debug_str     0x00043163    0x3b09d z_build/c_hardware/Device/src/systick.o
 .debug_str     0x00043163    0x3ba26 z_build/c_hardware/Device/src/hardware.o
 .debug_str     0x00043163    0x3b830 z_build/c_hardware/SPL/src/stm32f10x_rcc.o
 .debug_str     0x00043163    0x3aed8 z_build/c_hardware/SPL/src/misc.o
 .debug_str     0x00043163    0x3b261 z_build/c_hardware/SPL/src/stm32f10x_gpio.o
 .debug_str     0x00043163    0x3b45d z_build/c_hardware/SPL/src/stm32f10x_flash.o
 .debug_str     0x00043163    0x3b59a z_build/c_hardware/SPL/src/stm32f10x_usart.o
 .debug_str     0x00043163    0x3b38a z_build/c_hardware/SPL/src/stm32f10x_spi.o
 .debug_str     0x00043163     0x6c33 z_build/y_thirdparty/string_handler/string_handler.o
 .debug_str     0x00043163     0x80f1 z_build/y_thirdparty/lwrb/lwrb.o
 .debug_str     0x00043163    0x3fb94 z_build/root/app.o
 .debug_str     0x00043163       0x68 z_build/startup/startup.o

.comment        0x00000000       0x46
 .comment       0x00000000       0x46 z_build/a_application/stm32f1xx_it.o
                                 0x47 (size before relaxing)
 .comment       0x00000046       0x47 z_build/b_middleware/debugger/debugger.o
 .comment       0x00000046       0x47 z_build/b_middleware/ota_engine/ota_engine.o
 .comment       0x00000046       0x47 z_build/b_middleware/processor/processor.o
 .comment       0x00000046       0x47 z_build/b_middleware/usart_engine/usart_engine.o
 .comment       0x00000046       0x47 z_build/b_middleware/w25q32_engine/w25q32_engine.o
 .comment       0x00000046       0x47 z_build/b_middleware/spi_engine/spi_engine.o
 .comment       0x00000046       0x47 z_build/c_hardware/Device/src/system_stm32f10x.o
 .comment       0x00000046       0x47 z_build/c_hardware/Device/src/systick.o
 .comment       0x00000046       0x47 z_build/c_hardware/Device/src/hardware.o
 .comment       0x00000046       0x47 z_build/c_hardware/SPL/src/stm32f10x_rcc.o
 .comment       0x00000046       0x47 z_build/c_hardware/SPL/src/misc.o
 .comment       0x00000046       0x47 z_build/c_hardware/SPL/src/stm32f10x_gpio.o
 .comment       0x00000046       0x47 z_build/c_hardware/SPL/src/stm32f10x_flash.o
 .comment       0x00000046       0x47 z_build/c_hardware/SPL/src/stm32f10x_usart.o
 .comment       0x00000046       0x47 z_build/c_hardware/SPL/src/stm32f10x_spi.o
 .comment       0x00000046       0x47 z_build/y_thirdparty/string_handler/string_handler.o
 .comment       0x00000046       0x47 z_build/y_thirdparty/lwrb/lwrb.o
 .comment       0x00000046       0x47 z_build/root/app.o

.debug_frame    0x00000000     0x25bc
 .debug_frame   0x00000000      0x134 z_build/a_application/stm32f1xx_it.o
 .debug_frame   0x00000134       0x68 z_build/b_middleware/debugger/debugger.o
 .debug_frame   0x0000019c       0x74 z_build/b_middleware/ota_engine/ota_engine.o
 .debug_frame   0x00000210       0x6c z_build/b_middleware/processor/processor.o
 .debug_frame   0x0000027c       0x98 z_build/b_middleware/usart_engine/usart_engine.o
 .debug_frame   0x00000314      0x190 z_build/b_middleware/w25q32_engine/w25q32_engine.o
 .debug_frame   0x000004a4       0x34 z_build/b_middleware/spi_engine/spi_engine.o
 .debug_frame   0x000004d8       0x98 z_build/c_hardware/Device/src/system_stm32f10x.o
 .debug_frame   0x00000570       0xc8 z_build/c_hardware/Device/src/systick.o
 .debug_frame   0x00000638      0x10c z_build/c_hardware/Device/src/hardware.o
 .debug_frame   0x00000744      0x4f4 z_build/c_hardware/SPL/src/stm32f10x_rcc.o
 .debug_frame   0x00000c38       0xd8 z_build/c_hardware/SPL/src/misc.o
 .debug_frame   0x00000d10      0x2d0 z_build/c_hardware/SPL/src/stm32f10x_gpio.o
 .debug_frame   0x00000fe0      0x410 z_build/c_hardware/SPL/src/stm32f10x_flash.o
 .debug_frame   0x000013f0      0x490 z_build/c_hardware/SPL/src/stm32f10x_usart.o
 .debug_frame   0x00001880      0x3a0 z_build/c_hardware/SPL/src/stm32f10x_spi.o
 .debug_frame   0x00001c20       0x84 z_build/y_thirdparty/string_handler/string_handler.o
 .debug_frame   0x00001ca4      0x334 z_build/y_thirdparty/lwrb/lwrb.o
 .debug_frame   0x00001fd8       0x2c z_build/root/app.o
 .debug_frame   0x00002004      0x144 /home/bdang/toolchains/gcc-arm-none-eabi-14.3/bin/../lib/gcc/arm-none-eabi/14.3.1/../../../../arm-none-eabi/lib/thumb/v7-m/nofp/libc_nano.a(libc_a-findfp.o)
 .debug_frame   0x00002148       0x4c /home/bdang/toolchains/gcc-arm-none-eabi-14.3/bin/../lib/gcc/arm-none-eabi/14.3.1/../../../../arm-none-eabi/lib/thumb/v7-m/nofp/libc_nano.a(libc_a-vsnprintf.o)
 .debug_frame   0x00002194       0x20 /home/bdang/toolchains/gcc-arm-none-eabi-14.3/bin/../lib/gcc/arm-none-eabi/14.3.1/../../../../arm-none-eabi/lib/thumb/v7-m/nofp/libc_nano.a(libc_a-strchr.o)
 .debug_frame   0x000021b4       0x2c /home/bdang/toolchains/gcc-arm-none-eabi-14.3/bin/../lib/gcc/arm-none-eabi/14.3.1/../../../../arm-none-eabi/lib/thumb/v7-m/nofp/libc_nano.a(libc_a-strstr.o)
 .debug_frame   0x000021e0       0x38 /home/bdang/toolchains/gcc-arm-none-eabi-14.3/bin/../lib/gcc/arm-none-eabi/14.3.1/../../../../arm-none-eabi/lib/thumb/v7-m/nofp/libc_nano.a(libc_a-reent.o)
 .debug_frame   0x00002218       0x2c /home/bdang/toolchains/gcc-arm-none-eabi-14.3/bin/../lib/gcc/arm-none-eabi/14.3.1/../../../../arm-none-eabi/lib/thumb/v7-m/nofp/libc_nano.a(libc_a-init.o)
 .debug_frame   0x00002244       0xb0 /home/bdang/toolchains/gcc-arm-none-eabi-14.3/bin/../lib/gcc/arm-none-eabi/14.3.1/../../../../arm-none-eabi/lib/thumb/v7-m/nofp/libc_nano.a(libc_a-lock.o)
 .debug_frame   0x000022f4       0x28 /home/bdang/toolchains/gcc-arm-none-eabi-14.3/bin/../lib/gcc/arm-none-eabi/14.3.1/../../../../arm-none-eabi/lib/thumb/v7-m/nofp/libc_nano.a(libc_a-memcpy-stub.o)
 .debug_frame   0x0000231c       0x38 /home/bdang/toolchains/gcc-arm-none-eabi-14.3/bin/../lib/gcc/arm-none-eabi/14.3.1/../../../../arm-none-eabi/lib/thumb/v7-m/nofp/libc_nano.a(libc_a-freer.o)
 .debug_frame   0x00002354       0x50 /home/bdang/toolchains/gcc-arm-none-eabi-14.3/bin/../lib/gcc/arm-none-eabi/14.3.1/../../../../arm-none-eabi/lib/thumb/v7-m/nofp/libc_nano.a(libc_a-mallocr.o)
 .debug_frame   0x000023a4       0x30 /home/bdang/toolchains/gcc-arm-none-eabi-14.3/bin/../lib/gcc/arm-none-eabi/14.3.1/../../../../arm-none-eabi/lib/thumb/v7-m/nofp/libc_nano.a(libc_a-mlock.o)
 .debug_frame   0x000023d4       0x90 /home/bdang/toolchains/gcc-arm-none-eabi-14.3/bin/../lib/gcc/arm-none-eabi/14.3.1/../../../../arm-none-eabi/lib/thumb/v7-m/nofp/libc_nano.a(libc_a-nano-svfprintf.o)
 .debug_frame   0x00002464       0x60 /home/bdang/toolchains/gcc-arm-none-eabi-14.3/bin/../lib/gcc/arm-none-eabi/14.3.1/../../../../arm-none-eabi/lib/thumb/v7-m/nofp/libc_nano.a(libc_a-nano-vfprintf_i.o)
 .debug_frame   0x000024c4       0x28 /home/bdang/toolchains/gcc-arm-none-eabi-14.3/bin/../lib/gcc/arm-none-eabi/14.3.1/../../../../arm-none-eabi/lib/thumb/v7-m/nofp/libc_nano.a(libc_a-memmove.o)
 .debug_frame   0x000024ec       0x2c /home/bdang/toolchains/gcc-arm-none-eabi-14.3/bin/../lib/gcc/arm-none-eabi/14.3.1/../../../../arm-none-eabi/lib/thumb/v7-m/nofp/libc_nano.a(libc_a-sbrkr.o)
 .debug_frame   0x00002518       0x28 /home/bdang/toolchains/gcc-arm-none-eabi-14.3/bin/../lib/gcc/arm-none-eabi/14.3.1/../../../../arm-none-eabi/lib/thumb/v7-m/nofp/libc_nano.a(libc_a-memchr-stub.o)
 .debug_frame   0x00002540       0x3c /home/bdang/toolchains/gcc-arm-none-eabi-14.3/bin/../lib/gcc/arm-none-eabi/14.3.1/../../../../arm-none-eabi/lib/thumb/v7-m/nofp/libc_nano.a(libc_a-reallocr.o)
 .debug_frame   0x0000257c       0x20 /home/bdang/toolchains/gcc-arm-none-eabi-14.3/bin/../lib/gcc/arm-none-eabi/14.3.1/../../../../arm-none-eabi/lib/thumb/v7-m/nofp/libc_nano.a(libc_a-msizer.o)
 .debug_frame   0x0000259c       0x20 /home/bdang/toolchains/gcc-arm-none-eabi-14.3/bin/../lib/gcc/arm-none-eabi/14.3.1/../../../../arm-none-eabi/lib/thumb/v7-m/nofp/libnosys.a(sbrk.o)

.debug_line_str
                0x00000000       0x4c
 .debug_line_str
                0x00000000       0x4c z_build/startup/startup.o

Cross Reference Table

Symbol                                            File
ADC1_2_IRQHandler                                 z_build/startup/startup.o
ADC_AnalogWatchdogCmd                             z_build/c_hardware/SPL/src/stm32f10x_adc.o
ADC_AnalogWatchdogSingleChannelConfig             z_build/c_hardware/SPL/src/stm32f10x_adc.o
ADC_AnalogWatchdogThresholdsConfig                z_build/c_hardware/SPL/src/stm32f10x_adc.o
ADC_AutoInjectedConvCmd                           z_build/c_hardware/SPL/src/stm32f10x_adc.o
ADC_ClearFlag                                     z_build/c_hardware/SPL/src/stm32f10x_adc.o
ADC_ClearITPendingBit                             z_build/c_hardware/SPL/src/stm32f10x_adc.o
ADC_Cmd                                           z_build/c_hardware/SPL/src/stm32f10x_adc.o
ADC_DMACmd                                        z_build/c_hardware/SPL/src/stm32f10x_adc.o
ADC_DeInit                                        z_build/c_hardware/SPL/src/stm32f10x_adc.o
ADC_DiscModeChannelCountConfig                    z_build/c_hardware/SPL/src/stm32f10x_adc.o
ADC_DiscModeCmd                                   z_build/c_hardware/SPL/src/stm32f10x_adc.o
ADC_ExternalTrigConvCmd                           z_build/c_hardware/SPL/src/stm32f10x_adc.o
ADC_ExternalTrigInjectedConvCmd                   z_build/c_hardware/SPL/src/stm32f10x_adc.o
ADC_ExternalTrigInjectedConvConfig                z_build/c_hardware/SPL/src/stm32f10x_adc.o
ADC_GetCalibrationStatus                          z_build/c_hardware/SPL/src/stm32f10x_adc.o
ADC_GetConversionValue                            z_build/c_hardware/SPL/src/stm32f10x_adc.o
ADC_GetDualModeConversionValue                    z_build/c_hardware/SPL/src/stm32f10x_adc.o
ADC_GetFlagStatus                                 z_build/c_hardware/SPL/src/stm32f10x_adc.o
ADC_GetITStatus                                   z_build/c_hardware/SPL/src/stm32f10x_adc.o
ADC_GetInjectedConversionValue                    z_build/c_hardware/SPL/src/stm32f10x_adc.o
ADC_GetResetCalibrationStatus                     z_build/c_hardware/SPL/src/stm32f10x_adc.o
ADC_GetSoftwareStartConvStatus                    z_build/c_hardware/SPL/src/stm32f10x_adc.o
ADC_GetSoftwareStartInjectedConvCmdStatus         z_build/c_hardware/SPL/src/stm32f10x_adc.o
ADC_ITConfig                                      z_build/c_hardware/SPL/src/stm32f10x_adc.o
ADC_Init                                          z_build/c_hardware/SPL/src/stm32f10x_adc.o
ADC_InjectedChannelConfig                         z_build/c_hardware/SPL/src/stm32f10x_adc.o
ADC_InjectedDiscModeCmd                           z_build/c_hardware/SPL/src/stm32f10x_adc.o
ADC_InjectedSequencerLengthConfig                 z_build/c_hardware/SPL/src/stm32f10x_adc.o
ADC_RegularChannelConfig                          z_build/c_hardware/SPL/src/stm32f10x_adc.o
ADC_ResetCalibration                              z_build/c_hardware/SPL/src/stm32f10x_adc.o
ADC_SetInjectedOffset                             z_build/c_hardware/SPL/src/stm32f10x_adc.o
ADC_SoftwareStartConvCmd                          z_build/c_hardware/SPL/src/stm32f10x_adc.o
ADC_SoftwareStartInjectedConvCmd                  z_build/c_hardware/SPL/src/stm32f10x_adc.o
ADC_StartCalibration                              z_build/c_hardware/SPL/src/stm32f10x_adc.o
ADC_StructInit                                    z_build/c_hardware/SPL/src/stm32f10x_adc.o
ADC_TempSensorVrefintCmd                          z_build/c_hardware/SPL/src/stm32f10x_adc.o
AHBPrescTable                                     z_build/c_hardware/Device/src/system_stm32f10x.o
BKP_ClearFlag                                     z_build/c_hardware/SPL/src/stm32f10x_bkp.o
BKP_ClearITPendingBit                             z_build/c_hardware/SPL/src/stm32f10x_bkp.o
BKP_DeInit                                        z_build/c_hardware/SPL/src/stm32f10x_bkp.o
BKP_GetFlagStatus                                 z_build/c_hardware/SPL/src/stm32f10x_bkp.o
BKP_GetITStatus                                   z_build/c_hardware/SPL/src/stm32f10x_bkp.o
BKP_ITConfig                                      z_build/c_hardware/SPL/src/stm32f10x_bkp.o
BKP_RTCOutputConfig                               z_build/c_hardware/SPL/src/stm32f10x_bkp.o
BKP_ReadBackupRegister                            z_build/c_hardware/SPL/src/stm32f10x_bkp.o
BKP_SetRTCCalibrationValue                        z_build/c_hardware/SPL/src/stm32f10x_bkp.o
BKP_TamperPinCmd                                  z_build/c_hardware/SPL/src/stm32f10x_bkp.o
BKP_TamperPinLevelConfig                          z_build/c_hardware/SPL/src/stm32f10x_bkp.o
BKP_WriteBackupRegister                           z_build/c_hardware/SPL/src/stm32f10x_bkp.o
BusFault_Handler                                  z_build/a_application/stm32f1xx_it.o
CAN1_RX1_IRQHandler                               z_build/startup/startup.o
CAN1_SCE_IRQHandler                               z_build/startup/startup.o
CAN_CancelTransmit                                z_build/c_hardware/SPL/src/stm32f10x_can.o
CAN_ClearFlag                                     z_build/c_hardware/SPL/src/stm32f10x_can.o
CAN_ClearITPendingBit                             z_build/c_hardware/SPL/src/stm32f10x_can.o
CAN_DBGFreeze                                     z_build/c_hardware/SPL/src/stm32f10x_can.o
CAN_DeInit                                        z_build/c_hardware/SPL/src/stm32f10x_can.o
CAN_FIFORelease                                   z_build/c_hardware/SPL/src/stm32f10x_can.o
CAN_FilterInit                                    z_build/c_hardware/SPL/src/stm32f10x_can.o
CAN_GetFlagStatus                                 z_build/c_hardware/SPL/src/stm32f10x_can.o
CAN_GetITStatus                                   z_build/c_hardware/SPL/src/stm32f10x_can.o
CAN_GetLSBTransmitErrorCounter                    z_build/c_hardware/SPL/src/stm32f10x_can.o
CAN_GetLastErrorCode                              z_build/c_hardware/SPL/src/stm32f10x_can.o
CAN_GetReceiveErrorCounter                        z_build/c_hardware/SPL/src/stm32f10x_can.o
CAN_ITConfig                                      z_build/c_hardware/SPL/src/stm32f10x_can.o
CAN_Init                                          z_build/c_hardware/SPL/src/stm32f10x_can.o
CAN_MessagePending                                z_build/c_hardware/SPL/src/stm32f10x_can.o
CAN_OperatingModeRequest                          z_build/c_hardware/SPL/src/stm32f10x_can.o
CAN_Receive                                       z_build/c_hardware/SPL/src/stm32f10x_can.o
CAN_SlaveStartBank                                z_build/c_hardware/SPL/src/stm32f10x_can.o
CAN_Sleep                                         z_build/c_hardware/SPL/src/stm32f10x_can.o
CAN_StructInit                                    z_build/c_hardware/SPL/src/stm32f10x_can.o
CAN_TTComModeCmd                                  z_build/c_hardware/SPL/src/stm32f10x_can.o
CAN_Transmit                                      z_build/c_hardware/SPL/src/stm32f10x_can.o
CAN_TransmitStatus                                z_build/c_hardware/SPL/src/stm32f10x_can.o
CAN_WakeUp                                        z_build/c_hardware/SPL/src/stm32f10x_can.o
CEC_ClearFlag                                     z_build/c_hardware/SPL/src/stm32f10x_cec.o
CEC_ClearITPendingBit                             z_build/c_hardware/SPL/src/stm32f10x_cec.o
CEC_Cmd                                           z_build/c_hardware/SPL/src/stm32f10x_cec.o
CEC_DeInit                                        z_build/c_hardware/SPL/src/stm32f10x_cec.o
CEC_EndOfMessageCmd                               z_build/c_hardware/SPL/src/stm32f10x_cec.o
CEC_GetFlagStatus                                 z_build/c_hardware/SPL/src/stm32f10x_cec.o
CEC_GetITStatus                                   z_build/c_hardware/SPL/src/stm32f10x_cec.o
CEC_ITConfig                                      z_build/c_hardware/SPL/src/stm32f10x_cec.o
CEC_Init                                          z_build/c_hardware/SPL/src/stm32f10x_cec.o
CEC_OwnAddressConfig                              z_build/c_hardware/SPL/src/stm32f10x_cec.o
CEC_ReceiveDataByte                               z_build/c_hardware/SPL/src/stm32f10x_cec.o
CEC_SendDataByte                                  z_build/c_hardware/SPL/src/stm32f10x_cec.o
CEC_SetPrescaler                                  z_build/c_hardware/SPL/src/stm32f10x_cec.o
CEC_StartOfMessage                                z_build/c_hardware/SPL/src/stm32f10x_cec.o
CRC_CalcBlockCRC                                  z_build/c_hardware/SPL/src/stm32f10x_crc.o
CRC_CalcCRC                                       z_build/c_hardware/SPL/src/stm32f10x_crc.o
CRC_GetCRC                                        z_build/c_hardware/SPL/src/stm32f10x_crc.o
CRC_GetIDRegister                                 z_build/c_hardware/SPL/src/stm32f10x_crc.o
CRC_ResetDR                                       z_build/c_hardware/SPL/src/stm32f10x_crc.o
CRC_SetIDRegister                                 z_build/c_hardware/SPL/src/stm32f10x_crc.o
DAC_Cmd                                           z_build/c_hardware/SPL/src/stm32f10x_dac.o
DAC_DMACmd                                        z_build/c_hardware/SPL/src/stm32f10x_dac.o
DAC_DeInit                                        z_build/c_hardware/SPL/src/stm32f10x_dac.o
DAC_DualSoftwareTriggerCmd                        z_build/c_hardware/SPL/src/stm32f10x_dac.o
DAC_GetDataOutputValue                            z_build/c_hardware/SPL/src/stm32f10x_dac.o
DAC_Init                                          z_build/c_hardware/SPL/src/stm32f10x_dac.o
DAC_SetChannel1Data                               z_build/c_hardware/SPL/src/stm32f10x_dac.o
DAC_SetChannel2Data                               z_build/c_hardware/SPL/src/stm32f10x_dac.o
DAC_SetDualChannelData                            z_build/c_hardware/SPL/src/stm32f10x_dac.o
DAC_SoftwareTriggerCmd                            z_build/c_hardware/SPL/src/stm32f10x_dac.o
DAC_StructInit                                    z_build/c_hardware/SPL/src/stm32f10x_dac.o
DAC_WaveGenerationCmd                             z_build/c_hardware/SPL/src/stm32f10x_dac.o
DBGMCU_Config                                     z_build/c_hardware/SPL/src/stm32f10x_dbgmcu.o
DBGMCU_GetDEVID                                   z_build/c_hardware/SPL/src/stm32f10x_dbgmcu.o
DBGMCU_GetREVID                                   z_build/c_hardware/SPL/src/stm32f10x_dbgmcu.o
DMA1_Channel1_IRQHandler                          z_build/startup/startup.o
DMA1_Channel2_IRQHandler                          z_build/startup/startup.o
DMA1_Channel3_IRQHandler                          z_build/startup/startup.o
DMA1_Channel4_IRQHandler                          z_build/startup/startup.o
DMA1_Channel5_IRQHandler                          z_build/startup/startup.o
DMA1_Channel6_IRQHandler                          z_build/startup/startup.o
DMA1_Channel7_IRQHandler                          z_build/startup/startup.o
DMA_ClearFlag                                     z_build/c_hardware/SPL/src/stm32f10x_dma.o
DMA_ClearITPendingBit                             z_build/c_hardware/SPL/src/stm32f10x_dma.o
DMA_Cmd                                           z_build/c_hardware/SPL/src/stm32f10x_dma.o
DMA_DeInit                                        z_build/c_hardware/SPL/src/stm32f10x_dma.o
DMA_GetCurrDataCounter                            z_build/c_hardware/SPL/src/stm32f10x_dma.o
DMA_GetFlagStatus                                 z_build/c_hardware/SPL/src/stm32f10x_dma.o
DMA_GetITStatus                                   z_build/c_hardware/SPL/src/stm32f10x_dma.o
DMA_ITConfig                                      z_build/c_hardware/SPL/src/stm32f10x_dma.o
DMA_Init                                          z_build/c_hardware/SPL/src/stm32f10x_dma.o
DMA_SetCurrDataCounter                            z_build/c_hardware/SPL/src/stm32f10x_dma.o
DMA_StructInit                                    z_build/c_hardware/SPL/src/stm32f10x_dma.o
DebugMon_Handler                                  z_build/a_application/stm32f1xx_it.o
Default_Handler                                   z_build/startup/startup.o
EXTI0_IRQHandler                                  z_build/startup/startup.o
EXTI15_10_IRQHandler                              z_build/startup/startup.o
EXTI1_IRQHandler                                  z_build/startup/startup.o
EXTI2_IRQHandler                                  z_build/startup/startup.o
EXTI3_IRQHandler                                  z_build/startup/startup.o
EXTI4_IRQHandler                                  z_build/startup/startup.o
EXTI9_5_IRQHandler                                z_build/startup/startup.o
EXTI_ClearFlag                                    z_build/c_hardware/SPL/src/stm32f10x_exti.o
EXTI_ClearITPendingBit                            z_build/c_hardware/SPL/src/stm32f10x_exti.o
EXTI_DeInit                                       z_build/c_hardware/SPL/src/stm32f10x_exti.o
EXTI_GenerateSWInterrupt                          z_build/c_hardware/SPL/src/stm32f10x_exti.o
EXTI_GetFlagStatus                                z_build/c_hardware/SPL/src/stm32f10x_exti.o
EXTI_GetITStatus                                  z_build/c_hardware/SPL/src/stm32f10x_exti.o
EXTI_Init                                         z_build/c_hardware/SPL/src/stm32f10x_exti.o
EXTI_StructInit                                   z_build/c_hardware/SPL/src/stm32f10x_exti.o
FLASH_ClearFlag                                   z_build/c_hardware/SPL/src/stm32f10x_flash.o
                                                  z_build/b_middleware/ota_engine/ota_engine.o
FLASH_EnableWriteProtection                       z_build/c_hardware/SPL/src/stm32f10x_flash.o
FLASH_EraseAllBank1Pages                          z_build/c_hardware/SPL/src/stm32f10x_flash.o
FLASH_EraseAllPages                               z_build/c_hardware/SPL/src/stm32f10x_flash.o
FLASH_EraseOptionBytes                            z_build/c_hardware/SPL/src/stm32f10x_flash.o
FLASH_ErasePage                                   z_build/c_hardware/SPL/src/stm32f10x_flash.o
                                                  z_build/b_middleware/ota_engine/ota_engine.o
FLASH_GetBank1Status                              z_build/c_hardware/SPL/src/stm32f10x_flash.o
FLASH_GetFlagStatus                               z_build/c_hardware/SPL/src/stm32f10x_flash.o
FLASH_GetPrefetchBufferStatus                     z_build/c_hardware/SPL/src/stm32f10x_flash.o
FLASH_GetReadOutProtectionStatus                  z_build/c_hardware/SPL/src/stm32f10x_flash.o
FLASH_GetStatus                                   z_build/c_hardware/SPL/src/stm32f10x_flash.o
FLASH_GetUserOptionByte                           z_build/c_hardware/SPL/src/stm32f10x_flash.o
FLASH_GetWriteProtectionOptionByte                z_build/c_hardware/SPL/src/stm32f10x_flash.o
FLASH_HalfCycleAccessCmd                          z_build/c_hardware/SPL/src/stm32f10x_flash.o
FLASH_IRQHandler                                  z_build/startup/startup.o
FLASH_ITConfig                                    z_build/c_hardware/SPL/src/stm32f10x_flash.o
FLASH_Lock                                        z_build/c_hardware/SPL/src/stm32f10x_flash.o
                                                  z_build/b_middleware/ota_engine/ota_engine.o
FLASH_LockBank1                                   z_build/c_hardware/SPL/src/stm32f10x_flash.o
FLASH_PrefetchBufferCmd                           z_build/c_hardware/SPL/src/stm32f10x_flash.o
                                                  z_build/c_hardware/Device/src/hardware.o
FLASH_ProgramHalfWord                             z_build/c_hardware/SPL/src/stm32f10x_flash.o
FLASH_ProgramOptionByteData                       z_build/c_hardware/SPL/src/stm32f10x_flash.o
FLASH_ProgramWord                                 z_build/c_hardware/SPL/src/stm32f10x_flash.o
                                                  z_build/b_middleware/ota_engine/ota_engine.o
FLASH_ReadOutProtection                           z_build/c_hardware/SPL/src/stm32f10x_flash.o
FLASH_SetLatency                                  z_build/c_hardware/SPL/src/stm32f10x_flash.o
                                                  z_build/c_hardware/Device/src/hardware.o
FLASH_Unlock                                      z_build/c_hardware/SPL/src/stm32f10x_flash.o
                                                  z_build/b_middleware/ota_engine/ota_engine.o
FLASH_UnlockBank1                                 z_build/c_hardware/SPL/src/stm32f10x_flash.o
FLASH_UserOptionByteConfig                        z_build/c_hardware/SPL/src/stm32f10x_flash.o
FLASH_WaitForLastBank1Operation                   z_build/c_hardware/SPL/src/stm32f10x_flash.o
FLASH_WaitForLastOperation                        z_build/c_hardware/SPL/src/stm32f10x_flash.o
FSMC_ClearFlag                                    z_build/c_hardware/SPL/src/stm32f10x_fsmc.o
FSMC_ClearITPendingBit                            z_build/c_hardware/SPL/src/stm32f10x_fsmc.o
FSMC_GetECC                                       z_build/c_hardware/SPL/src/stm32f10x_fsmc.o
FSMC_GetFlagStatus                                z_build/c_hardware/SPL/src/stm32f10x_fsmc.o
FSMC_GetITStatus                                  z_build/c_hardware/SPL/src/stm32f10x_fsmc.o
FSMC_ITConfig                                     z_build/c_hardware/SPL/src/stm32f10x_fsmc.o
FSMC_NANDCmd                                      z_build/c_hardware/SPL/src/stm32f10x_fsmc.o
FSMC_NANDDeInit                                   z_build/c_hardware/SPL/src/stm32f10x_fsmc.o
FSMC_NANDECCCmd                                   z_build/c_hardware/SPL/src/stm32f10x_fsmc.o
FSMC_NANDInit                                     z_build/c_hardware/SPL/src/stm32f10x_fsmc.o
FSMC_NANDStructInit                               z_build/c_hardware/SPL/src/stm32f10x_fsmc.o
FSMC_NORSRAMCmd                                   z_build/c_hardware/SPL/src/stm32f10x_fsmc.o
FSMC_NORSRAMDeInit                                z_build/c_hardware/SPL/src/stm32f10x_fsmc.o
FSMC_NORSRAMInit                                  z_build/c_hardware/SPL/src/stm32f10x_fsmc.o
FSMC_NORSRAMStructInit                            z_build/c_hardware/SPL/src/stm32f10x_fsmc.o
FSMC_PCCARDCmd                                    z_build/c_hardware/SPL/src/stm32f10x_fsmc.o
FSMC_PCCARDDeInit                                 z_build/c_hardware/SPL/src/stm32f10x_fsmc.o
FSMC_PCCARDInit                                   z_build/c_hardware/SPL/src/stm32f10x_fsmc.o
FSMC_PCCARDStructInit                             z_build/c_hardware/SPL/src/stm32f10x_fsmc.o
GPIO_AFIODeInit                                   z_build/c_hardware/SPL/src/stm32f10x_gpio.o
GPIO_DeInit                                       z_build/c_hardware/SPL/src/stm32f10x_gpio.o
GPIO_ETH_MediaInterfaceConfig                     z_build/c_hardware/SPL/src/stm32f10x_gpio.o
GPIO_EXTILineConfig                               z_build/c_hardware/SPL/src/stm32f10x_gpio.o
GPIO_EventOutputCmd                               z_build/c_hardware/SPL/src/stm32f10x_gpio.o
GPIO_EventOutputConfig                            z_build/c_hardware/SPL/src/stm32f10x_gpio.o
GPIO_Init                                         z_build/c_hardware/SPL/src/stm32f10x_gpio.o
                                                  z_build/c_hardware/Device/src/hardware.o
GPIO_PinLockConfig                                z_build/c_hardware/SPL/src/stm32f10x_gpio.o
GPIO_PinRemapConfig                               z_build/c_hardware/SPL/src/stm32f10x_gpio.o
GPIO_ReadInputData                                z_build/c_hardware/SPL/src/stm32f10x_gpio.o
GPIO_ReadInputDataBit                             z_build/c_hardware/SPL/src/stm32f10x_gpio.o
GPIO_ReadOutputData                               z_build/c_hardware/SPL/src/stm32f10x_gpio.o
GPIO_ReadOutputDataBit                            z_build/c_hardware/SPL/src/stm32f10x_gpio.o
GPIO_ResetBits                                    z_build/c_hardware/SPL/src/stm32f10x_gpio.o
                                                  z_build/b_middleware/w25q32_engine/w25q32_engine.o
                                                  z_build/b_middleware/processor/processor.o
GPIO_SetBits                                      z_build/c_hardware/SPL/src/stm32f10x_gpio.o
                                                  z_build/c_hardware/Device/src/hardware.o
                                                  z_build/b_middleware/w25q32_engine/w25q32_engine.o
                                                  z_build/b_middleware/processor/processor.o
GPIO_StructInit                                   z_build/c_hardware/SPL/src/stm32f10x_gpio.o
GPIO_Write                                        z_build/c_hardware/SPL/src/stm32f10x_gpio.o
GPIO_WriteBit                                     z_build/c_hardware/SPL/src/stm32f10x_gpio.o
HardFault_Handler                                 z_build/a_application/stm32f1xx_it.o
I2C1_ER_IRQHandler                                z_build/startup/startup.o
I2C1_EV_IRQHandler                                z_build/startup/startup.o
I2C2_ER_IRQHandler                                z_build/startup/startup.o
I2C2_EV_IRQHandler                                z_build/startup/startup.o
I2C_ARPCmd                                        z_build/c_hardware/SPL/src/stm32f10x_i2c.o
I2C_AcknowledgeConfig                             z_build/c_hardware/SPL/src/stm32f10x_i2c.o
I2C_CalculatePEC                                  z_build/c_hardware/SPL/src/stm32f10x_i2c.o
I2C_CheckEvent                                    z_build/c_hardware/SPL/src/stm32f10x_i2c.o
I2C_ClearFlag                                     z_build/c_hardware/SPL/src/stm32f10x_i2c.o
I2C_ClearITPendingBit                             z_build/c_hardware/SPL/src/stm32f10x_i2c.o
I2C_Cmd                                           z_build/c_hardware/SPL/src/stm32f10x_i2c.o
I2C_DMACmd                                        z_build/c_hardware/SPL/src/stm32f10x_i2c.o
I2C_DMALastTransferCmd                            z_build/c_hardware/SPL/src/stm32f10x_i2c.o
I2C_DeInit                                        z_build/c_hardware/SPL/src/stm32f10x_i2c.o
I2C_DualAddressCmd                                z_build/c_hardware/SPL/src/stm32f10x_i2c.o
I2C_FastModeDutyCycleConfig                       z_build/c_hardware/SPL/src/stm32f10x_i2c.o
I2C_GeneralCallCmd                                z_build/c_hardware/SPL/src/stm32f10x_i2c.o
I2C_GenerateSTART                                 z_build/c_hardware/SPL/src/stm32f10x_i2c.o
I2C_GenerateSTOP                                  z_build/c_hardware/SPL/src/stm32f10x_i2c.o
I2C_GetFlagStatus                                 z_build/c_hardware/SPL/src/stm32f10x_i2c.o
I2C_GetITStatus                                   z_build/c_hardware/SPL/src/stm32f10x_i2c.o
I2C_GetLastEvent                                  z_build/c_hardware/SPL/src/stm32f10x_i2c.o
I2C_GetPEC                                        z_build/c_hardware/SPL/src/stm32f10x_i2c.o
I2C_ITConfig                                      z_build/c_hardware/SPL/src/stm32f10x_i2c.o
I2C_Init                                          z_build/c_hardware/SPL/src/stm32f10x_i2c.o
I2C_NACKPositionConfig                            z_build/c_hardware/SPL/src/stm32f10x_i2c.o
I2C_OwnAddress2Config                             z_build/c_hardware/SPL/src/stm32f10x_i2c.o
I2C_PECPositionConfig                             z_build/c_hardware/SPL/src/stm32f10x_i2c.o
I2C_ReadRegister                                  z_build/c_hardware/SPL/src/stm32f10x_i2c.o
I2C_ReceiveData                                   z_build/c_hardware/SPL/src/stm32f10x_i2c.o
I2C_SMBusAlertConfig                              z_build/c_hardware/SPL/src/stm32f10x_i2c.o
I2C_Send7bitAddress                               z_build/c_hardware/SPL/src/stm32f10x_i2c.o
I2C_SendData                                      z_build/c_hardware/SPL/src/stm32f10x_i2c.o
I2C_SoftwareResetCmd                              z_build/c_hardware/SPL/src/stm32f10x_i2c.o
I2C_StretchClockCmd                               z_build/c_hardware/SPL/src/stm32f10x_i2c.o
I2C_StructInit                                    z_build/c_hardware/SPL/src/stm32f10x_i2c.o
I2C_TransmitPEC                                   z_build/c_hardware/SPL/src/stm32f10x_i2c.o
I2S_Cmd                                           z_build/c_hardware/SPL/src/stm32f10x_spi.o
I2S_Init                                          z_build/c_hardware/SPL/src/stm32f10x_spi.o
I2S_StructInit                                    z_build/c_hardware/SPL/src/stm32f10x_spi.o